Component: ARM Compiler 5.06 update 6 (build 750) Tool: armlink [4d35ed]

==============================================================================

Section Cross References

    startup_stm32f407xx.o(STACK) refers (Special) to heapauxi.o(.text) for __use_two_region_memory
    startup_stm32f407xx.o(HEAP) refers (Special) to heapauxi.o(.text) for __use_two_region_memory
    startup_stm32f407xx.o(RESET) refers (Special) to heapauxi.o(.text) for __use_two_region_memory
    startup_stm32f407xx.o(RESET) refers to startup_stm32f407xx.o(STACK) for __initial_sp
    startup_stm32f407xx.o(RESET) refers to startup_stm32f407xx.o(.text) for Reset_Handler
    startup_stm32f407xx.o(RESET) refers to stm32f4xx_it.o(i.NMI_Handler) for NMI_Handler
    startup_stm32f407xx.o(RESET) refers to stm32f4xx_it.o(i.HardFault_Handler) for HardFault_Handler
    startup_stm32f407xx.o(RESET) refers to stm32f4xx_it.o(i.MemManage_Handler) for MemManage_Handler
    startup_stm32f407xx.o(RESET) refers to stm32f4xx_it.o(i.BusFault_Handler) for BusFault_Handler
    startup_stm32f407xx.o(RESET) refers to stm32f4xx_it.o(i.UsageFault_Handler) for UsageFault_Handler
    startup_stm32f407xx.o(RESET) refers to stm32f4xx_it.o(i.SVC_Handler) for SVC_Handler
    startup_stm32f407xx.o(RESET) refers to stm32f4xx_it.o(i.DebugMon_Handler) for DebugMon_Handler
    startup_stm32f407xx.o(RESET) refers to stm32f4xx_it.o(i.PendSV_Handler) for PendSV_Handler
    startup_stm32f407xx.o(RESET) refers to stm32f4xx_it.o(i.SysTick_Handler) for SysTick_Handler
    startup_stm32f407xx.o(.text) refers (Special) to heapauxi.o(.text) for __use_two_region_memory
    startup_stm32f407xx.o(.text) refers to system_stm32f4xx.o(i.SystemInit) for SystemInit
    startup_stm32f407xx.o(.text) refers to __main.o(!!!main) for __main
    startup_stm32f407xx.o(.text) refers to startup_stm32f407xx.o(HEAP) for Heap_Mem
    startup_stm32f407xx.o(.text) refers to startup_stm32f407xx.o(STACK) for Stack_Mem
    ringbuffer.o(i.Get_string) refers to ringbuffer.o(i.readFromRingBuffer) for readFromRingBuffer
    ringbuffer.o(i.WriteToRingBuffer) refers to ringbuffer.o(i.getByteToWriteToRingBuffer) for getByteToWriteToRingBuffer
    ringbuffer.o(i.WriteToRingBuffer) refers to ringbuffer.o(i.getChar) for getChar
    ringbuffer.o(i.getByteFromRingBufferAvailableToRead) refers to ringbuffer.o(.data) for sizeRead
    ringbuffer.o(i.getByteToWriteToRingBuffer) refers to ringbuffer.o(.data) for sizeToWrite
    ringbuffer.o(i.uart_tx) refers to stm32f4xx_hal.o(i.HAL_Delay) for HAL_Delay
    ringbuffer.o(i.uart_tx) refers to ringbuffer.o(i.putChar) for putChar
    ringbuffer.o(i.wait_until) refers to ringbuffer.o(i.getByteFromRingBufferAvailableToRead) for getByteFromRingBufferAvailableToRead
    ringbuffer.o(i.wait_until) refers to ringbuffer.o(i.readFromRingBuffer) for readFromRingBuffer
    main.o(i.MX_GPIO_Init) refers to rt_memclr_w.o(.text) for __aeabi_memclr4
    main.o(i.MX_GPIO_Init) refers to stm32f4xx_hal_gpio.o(i.HAL_GPIO_WritePin) for HAL_GPIO_WritePin
    main.o(i.MX_GPIO_Init) refers to stm32f4xx_hal_gpio.o(i.HAL_GPIO_Init) for HAL_GPIO_Init
    main.o(i.MX_SPI2_Init) refers to stm32f4xx_hal_spi.o(i.HAL_SPI_Init) for HAL_SPI_Init
    main.o(i.MX_SPI2_Init) refers to main.o(i.Error_Handler) for Error_Handler
    main.o(i.MX_SPI2_Init) refers to main.o(.bss) for hspi2
    main.o(i.MX_USART1_UART_Init) refers to stm32f4xx_hal_uart.o(i.HAL_UART_Init) for HAL_UART_Init
    main.o(i.MX_USART1_UART_Init) refers to main.o(i.Error_Handler) for Error_Handler
    main.o(i.MX_USART1_UART_Init) refers to main.o(.bss) for huart1
    main.o(i.SystemClock_Config) refers to rt_memclr_w.o(.text) for __aeabi_memclr4
    main.o(i.SystemClock_Config) refers to stm32f4xx_hal_rcc.o(i.HAL_RCC_OscConfig) for HAL_RCC_OscConfig
    main.o(i.SystemClock_Config) refers to main.o(i.Error_Handler) for Error_Handler
    main.o(i.SystemClock_Config) refers to stm32f4xx_hal_rcc.o(i.HAL_RCC_ClockConfig) for HAL_RCC_ClockConfig
    main.o(i.main) refers to stm32f4xx_hal.o(i.HAL_Init) for HAL_Init
    main.o(i.main) refers to main.o(i.SystemClock_Config) for SystemClock_Config
    main.o(i.main) refers to main.o(i.MX_GPIO_Init) for MX_GPIO_Init
    main.o(i.main) refers to main.o(i.MX_SPI2_Init) for MX_SPI2_Init
    main.o(i.main) refers to main.o(i.MX_USART1_UART_Init) for MX_USART1_UART_Init
    main.o(i.main) refers to fatfs.o(i.MX_FATFS_Init) for MX_FATFS_Init
    main.o(i.main) refers to app_debug.o(i.app_debug_init) for app_debug_init
    main.o(i.main) refers to app_debug.o(i.app_debug_register_callback_print) for app_debug_register_callback_print
    main.o(i.main) refers to ringbuffer.o(i.ringBufferInit) for ringBufferInit
    main.o(i.main) refers to stm32f4xx_hal.o(i.HAL_Delay) for HAL_Delay
    main.o(i.main) refers to ff_gen_drv.o(i.FATFS_LinkDriver) for FATFS_LinkDriver
    main.o(i.main) refers to ff.o(i.f_mount) for f_mount
    main.o(i.main) refers to app_debug.o(i.app_debug_get_ms) for app_debug_get_ms
[...]
    ../clib/armsys.c                         0x00000000   Number         0  argv_veneer.o ABSOLUTE
    ../clib/armsys.c                         0x00000000   Number         0  _get_argv_nomalloc.o ABSOLUTE
    ../clib/armsys.c                         0x00000000   Number         0  argv_veneer.o ABSOLUTE
    ../clib/heapalloc.c                      0x00000000   Number         0  hrguard.o ABSOLUTE
    ../clib/heapaux.c                        0x00000000   Number         0  heapauxi.o ABSOLUTE
    ../clib/libinit.s                        0x00000000   Number         0  libshutdown2.o ABSOLUTE
    ../clib/libinit.s                        0x00000000   Number         0  libinit2.o ABSOLUTE
    ../clib/libinit.s                        0x00000000   Number         0  libinit.o ABSOLUTE
    ../clib/libinit.s                        0x00000000   Number         0  libshutdown.o ABSOLUTE
    ../clib/locale.s                         0x00000000   Number         0  lc_ctype_c.o ABSOLUTE
    ../clib/longlong.s                       0x00000000   Number         0  lludivv7m.o ABSOLUTE
    ../clib/memcpset.s                       0x00000000   Number         0  rt_memclr_w.o ABSOLUTE
    ../clib/memcpset.s                       0x00000000   Number         0  strcmpv7m.o ABSOLUTE
    ../clib/memcpset.s                       0x00000000   Number         0  rt_memcpy_v6.o ABSOLUTE
    ../clib/memcpset.s                       0x00000000   Number         0  rt_memcpy_w.o ABSOLUTE
    ../clib/signal.c                         0x00000000   Number         0  defsig_general.o ABSOLUTE
    ../clib/signal.c                         0x00000000   Number         0  __raise.o ABSOLUTE
    ../clib/signal.c                         0x00000000   Number         0  defsig_other.o ABSOLUTE
    ../clib/signal.c                         0x00000000   Number         0  defsig_abrt_inner.o ABSOLUTE
    ../clib/signal.c                         0x00000000   Number         0  defsig_rtred_inner.o ABSOLUTE
    ../clib/signal.c                         0x00000000   Number         0  defsig_stak_inner.o ABSOLUTE
    ../clib/signal.c                         0x00000000   Number         0  defsig_rtmem_outer.o ABSOLUTE
    ../clib/signal.c                         0x00000000   Number         0  defsig_segv_inner.o ABSOLUTE
    ../clib/signal.c                         0x00000000   Number         0  defsig_cppl_inner.o ABSOLUTE
    ../clib/signal.c                         0x00000000   Number         0  defsig_rtmem_formal.o ABSOLUTE
    ../clib/signal.c                         0x00000000   Number         0  defsig_fpe_formal.o ABSOLUTE
    ../clib/signal.c                         0x00000000   Number         0  defsig_pvfn_inner.o ABSOLUTE
    ../clib/signal.c                         0x00000000   Number         0  defsig_exit.o ABSOLUTE
    ../clib/signal.c                         0x00000000   Number         0  defsig_fpe_inner.o ABSOLUTE
    ../clib/signal.c                         0x00000000   Number         0  defsig_rtmem_inner.o ABSOLUTE
    ../clib/signal.c                         0x00000000   Number         0  defsig_fpe_outer.o ABSOLUTE
    ../clib/signal.s                         0x00000000   Number         0  defsig.o ABSOLUTE
    ../clib/stdlib.c                         0x00000000   Number         0  exit.o ABSOLUTE
    ../clib/string.c                         0x00000000   Number         0  memcmp.o ABSOLUTE
    ../fplib/fpinit.s                        0x00000000   Number         0  fpinit.o ABSOLUTE
    ..\Core\Src\main.c                       0x00000000   Number         0  main.o ABSOLUTE
    ..\Core\Src\ringBuffer.c                 0x00000000   Number         0  ringbuffer.o ABSOLUTE
    ..\Core\Src\spi_flash.c                  0x00000000   Number         0  spi_flash.o ABSOLUTE
    ..\Core\Src\stm32f4xx_hal_msp.c          0x00000000   Number         0  stm32f4xx_hal_msp.o ABSOLUTE
    ..\Core\Src\stm32f4xx_it.c               0x00000000   Number         0  stm32f4xx_it.o ABSOLUTE
    ..\Core\Src\system_stm32f4xx.c           0x00000000   Number         0  system_stm32f4xx.o ABSOLUTE
    ..\Drivers\STM32F4xx_HAL_Driver\Src\stm32f4xx_hal.c 0x00000000   Number         0  stm32f4xx_hal.o ABSOLUTE
    ..\Drivers\STM32F4xx_HAL_Driver\Src\stm32f4xx_hal_cortex.c 0x00000000   Number         0  stm32f4xx_hal_cortex.o ABSOLUTE
    ..\Drivers\STM32F4xx_HAL_Driver\Src\stm32f4xx_hal_dma.c 0x00000000   Number         0  stm32f4xx_hal_dma.o ABSOLUTE
    ..\Drivers\STM32F4xx_HAL_Driver\Src\stm32f4xx_hal_dma_ex.c 0x00000000   Number         0  stm32f4xx_hal_dma_ex.o ABSOLUTE
    ..\Drivers\STM32F4xx_HAL_Driver\Src\stm32f4xx_hal_exti.c 0x00000000   Number         0  stm32f4xx_hal_exti.o ABSOLUTE
    ..\Drivers\STM32F4xx_HAL_Driver\Src\stm32f4xx_hal_flash.c 0x00000000   Number         0  stm32f4xx_hal_flash.o ABSOLUTE
    ..\Drivers\STM32F4xx_HAL_Driver\Src\stm32f4xx_hal_flash_ex.c 0x00000000   Number         0  stm32f4xx_hal_flash_ex.o ABSOLUTE
    ..\Drivers\STM32F4xx_HAL_Driver\Src\stm32f4xx_hal_flash_ramfunc.c 0x00000000   Number         0  stm32f4xx_hal_flash_ramfunc.o ABSOLUTE
    ..\Drivers\STM32F4xx_HAL_Driver\Src\stm32f4xx_hal_gpio.c 0x00000000   Number         0  stm32f4xx_hal_gpio.o ABSOLUTE
    ..\Drivers\STM32F4xx_HAL_Driver\Src\stm32f4xx_hal_pwr.c 0x00000000   Number         0  stm32f4xx_hal_pwr.o ABSOLUTE
    ..\Drivers\STM32F4xx_HAL_Driver\Src\stm32f4xx_hal_pwr_ex.c 0x00000000   Number         0  stm32f4xx_hal_pwr_ex.o ABSOLUTE
    ..\Drivers\STM32F4xx_HAL_Driver\Src\stm32f4xx_hal_rcc.c 0x00000000   Number         0  stm32f4xx_hal_rcc.o ABSOLUTE
    ..\Drivers\STM32F4xx_HAL_Driver\Src\stm32f4xx_hal_rcc_ex.c 0x00000000   Number         0  stm32f4xx_hal_rcc_ex.o ABSOLUTE
    ..\Drivers\STM32F4xx_HAL_Driver\Src\stm32f4xx_hal_spi.c 0x00000000   Number         0  stm32f4xx_hal_spi.o ABSOLUTE
    ..\Drivers\STM32F4xx_HAL_Driver\Src\stm32f4xx_hal_tim.c 0x00000000   Number         0  stm32f4xx_hal_tim.o ABSOLUTE
    ..\Drivers\STM32F4xx_HAL_Driver\Src\stm32f4xx_hal_tim_ex.c 0x00000000   Number         0  stm32f4xx_hal_tim_ex.o ABSOLUTE
    ..\Drivers\STM32F4xx_HAL_Driver\Src\stm32f4xx_hal_uart.c 0x00000000   Number         0  stm32f4xx_hal_uart.o ABSOLUTE
    ..\FATFS\App\fatfs.c                     0x00000000   Number         0  fatfs.o ABSOLUTE
    ..\FATFS\Target\user_diskio.c            0x00000000   Number         0  user_diskio.o ABSOLUTE
    ..\Middlewares\Third_Party\FatFs\src\diskio.c 0x00000000   Number         0  diskio.o ABSOLUTE
    ..\Middlewares\Third_Party\FatFs\src\ff.c 0x00000000   Number         0  ff.o ABSOLUTE
    ..\Middlewares\Third_Party\FatFs\src\ff_gen_drv.c 0x00000000   Number         0  ff_gen_drv.o ABSOLUTE
    ..\Middlewares\Third_Party\FatFs\src\option\syscall.c 0x00000000   Number         0  syscall.o ABSOLUTE
    ..\\Core\\Src\\ringBuffer.c              0x00000000   Number         0  ringbuffer.o ABSOLUTE
    ..\\Core\\Src\\spi_flash.c               0x00000000   Number         0  spi_flash.o ABSOLUTE
    app_debug\\app_debug.c                   0x00000000   Number         0  app_debug.o ABSOLUTE
    app_debug\app_debug.c                    0x00000000   Number         0  app_debug.o ABSOLUTE
    dc.s                                     0x00000000   Number         0  dc.o ABSOLUTE
    startup_stm32f407xx.s                    0x00000000   Number         0  startup_stm32f407xx.o ABSOLUTE
    RESET                                    0x08000000   Section      392  startup_stm32f407xx.o(RESET)
    !!!main                                  0x08000188   Section        8  __main.o(!!!main)
    !!!scatter                               0x08000190   Section       52  __scatter.o(!!!scatter)
    !!handler_copy                           0x080001c4   Section       26  __scatter_copy.o(!!handler_copy)
    !!handler_zi                             0x080001e0   Section       28  __scatter_zi.o(!!handler_zi)
    .ARM.Collect$$libinit$$00000000          0x080001fc   Section        2  libinit.o(.ARM.Collect$$libinit$$00000000)
    .ARM.Collect$$libinit$$00000001          0x080001fe   Section        4  libinit2.o(.ARM.Collect$$libinit$$00000001)
    .ARM.Collect$$libinit$$00000004          0x08000202   Section        0  libinit2.o(.ARM.Collect$$libinit$$00000004)
    .ARM.Collect$$libinit$$0000000A          0x08000202   Section        0  libinit2.o(.ARM.Collect$$libinit$$0000000A)
    .ARM.Collect$$libinit$$0000000C          0x08000202   Section        0  libinit2.o(.ARM.Collect$$libinit$$0000000C)
    .ARM.Collect$$libinit$$0000000E          0x08000202   Section        0  libinit2.o(.ARM.Collect$$libinit$$0000000E)
    .ARM.Collect$$libinit$$00000011          0x08000202   Section        0  libinit2.o(.ARM.Collect$$libinit$$00000011)
    .ARM.Collect$$libinit$$00000013          0x08000202   Section        0  libinit2.o(.ARM.Collect$$libinit$$00000013)
    .ARM.Collect$$libinit$$00000015          0x08000202   Section        0  libinit2.o(.ARM.Collect$$libinit$$00000015)
    .ARM.Collect$$libinit$$00000017          0x08000202   Section        0  libinit2.o(.ARM.Collect$$libinit$$00000017)
    .ARM.Collect$$libinit$$00000019          0x08000202   Section        0  libinit2.o(.ARM.Collect$$libinit$$00000019)
    .ARM.Collect$$libinit$$0000001B          0x08000202   Section        0  libinit2.o(.ARM.Collect$$libinit$$0000001B)
    .ARM.Collect$$libinit$$0000001D          0x08000202   Section        0  libinit2.o(.ARM.Collect$$libinit$$0000001D)
    .ARM.Collect$$libinit$$0000001F          0x08000202   Section        0  libinit2.o(.ARM.Collect$$libinit$$0000001F)
    .ARM.Collect$$libinit$$00000021          0x08000202   Section        0  libinit2.o(.ARM.Collect$$libinit$$00000021)
    .ARM.Collect$$libinit$$00000023          0x08000202   Section        0  libinit2.o(.ARM.Collect$$libinit$$00000023)
    .ARM.Collect$$libinit$$00000025          0x08000202   Section        0  libinit2.o(.ARM.Collect$$libinit$$00000025)
    .ARM.Collect$$libinit$$0000002C          0x08000202   Section        0  libinit2.o(.ARM.Collect$$libinit$$0000002C)
    .ARM.Collect$$libinit$$0000002E          0x08000202   Section        0  libinit2.o(.ARM.Collect$$libinit$$0000002E)
    .ARM.Collect$$libinit$$00000030          0x08000202   Section        0  libinit2.o(.ARM.Collect$$libinit$$00000030)
    .ARM.Collect$$libinit$$00000032          0x08000202   Section        0  libinit2.o(.ARM.Collect$$libinit$$00000032)
    .ARM.Collect$$libinit$$00000033          0x08000202   Section        2  libinit2.o(.ARM.Collect$$libinit$$00000033)
    .ARM.Collect$$libshutdown$$00000000      0x08000204   Section        2  libshutdown.o(.ARM.Collect$$libshutdown$$00000000)
    .ARM.Collect$$libshutdown$$00000002      0x08000206   Section        0  libshutdown2.o(.ARM.Collect$$libshutdown$$00000002)
    .ARM.Collect$$libshutdown$$00000004      0x08000206   Section        0  libshutdown2.o(.ARM.Collect$$libshutdown$$00000004)
    .ARM.Collect$$libshutdown$$00000007      0x08000206   Section        0  libshutdown2.o(.ARM.Collect$$libshutdown$$00000007)
    .ARM.Collect$$libshutdown$$0000000A      0x08000206   Section        0  libshutdown2.o(.ARM.Collect$$libshutdown$$0000000A)
    .ARM.Collect$$libshutdown$$0000000C      0x08000206   Section        0  libshutdown2.o(.ARM.Collect$$libshutdown$$0000000C)
    .ARM.Collect$$libshutdown$$0000000F      0x08000206   Section        0  libshutdown2.o(.ARM.Collect$$libshutdown$$0000000F)
    .ARM.Collect$$libshutdown$$00000010      0x08000206   Section        2  libshutdown2.o(.ARM.Collect$$libshutdown$$00000010)
    .ARM.Collect$$rtentry$$00000000          0x08000208   Section        0  __rtentry.o(.ARM.Collect$$rtentry$$00000000)
    .ARM.Collect$$rtentry$$00000002          0x08000208   Section        0  __rtentry2.o(.ARM.Collect$$rtentry$$00000002)
    .ARM.Collect$$rtentry$$00000004          0x08000208   Section        6  __rtentry4.o(.ARM.Collect$$rtentry$$00000004)
    .ARM.Collect$$rtentry$$00000009          0x0800020e   Section        0  __rtentry2.o(.ARM.Collect$$rtentry$$00000009)
    .ARM.Collect$$rtentry$$0000000A          0x0800020e   Section        4  __rtentry2.o(.ARM.Collect$$rtentry$$0000000A)
    .ARM.Collect$$rtentry$$0000000C          0x08000212   Section        0  __rtentry2.o(.ARM.Collect$$rtentry$$0000000C)
    .ARM.Collect$$rtentry$$0000000D          0x08000212   Section        8  __rtentry2.o(.ARM.Collect$$rtentry$$0000000D)
    .ARM.Collect$$rtexit$$00000000           0x0800021a   Section        2  rtexit.o(.ARM.Collect$$rtexit$$00000000)
    .ARM.Collect$$rtexit$$00000002           0x0800021c   Section        0  rtexit2.o(.ARM.Collect$$rtexit$$00000002)
    .ARM.Collect$$rtexit$$00000003           0x0800021c   Section        4  rtexit2.o(.ARM.Collect$$rtexit$$00000003)
    .ARM.Collect$$rtexit$$00000004           0x08000220   Section        6  rtexit2.o(.ARM.Collect$$rtexit$$00000004)
    .text                                    0x08000228   Section       64  startup_stm32f407xx.o(.text)
    $v0                                      0x08000228   Number         0  startup_stm32f407xx.o(.text)
    .text                                    0x08000268   Section      238  lludivv7m.o(.text)
    .text                                    0x08000356   Section        0  memcmp.o(.text)
    .text                                    0x080003ae   Section       78  rt_memclr_w.o(.text)
    .text                                    0x080003fc   Section        0  heapauxi.o(.text)
    .text                                    0x08000404   Section        8  libspace.o(.text)
    .text                                    0x0800040c   Section       74  sys_stackheap_outer.o(.text)
    .text                                    0x08000456   Section        0  exit.o(.text)
    .text                                    0x08000468   Section        0  sys_exit.o(.text)
    .text                                    0x08000474   Section        2  use_no_semi.o(.text)
    .text                                    0x08000476   Section        0  indicate_semi.o(.text)
    i.BusFault_Handler                       0x08000476   Section        0  stm32f4xx_it.o(i.BusFault_Handler)
    i.DebugMon_Handler                       0x0800047a   Section        0  stm32f4xx_it.o(i.DebugMon_Handler)
    i.Error_Handler                          0x0800047c   Section        0  main.o(i.Error_Handler)
    i.FATFS_LinkDriver                       0x08000482   Section        0  ff_gen_drv.o(i.FATFS_LinkDriver)
    i.FATFS_LinkDriverEx                     0x08000494   Section        0  ff_gen_drv.o(i.FATFS_LinkDriverEx)
    i.HAL_Delay                              0x080004e8   Section        0  stm32f4xx_hal.o(i.HAL_Delay)
    i.HAL_GPIO_Init                          0x08000510   Section        0  stm32f4xx_hal_gpio.o(i.HAL_GPIO_Init)
    i.HAL_GPIO_WritePin                      0x08000704   Section        0  stm32f4xx_hal_gpio.o(i.HAL_GPIO_WritePin)
    i.HAL_GetTick                            0x08000710   Section        0  stm32f4xx_hal.o(i.HAL_GetTick)
    i.HAL_IncTick                            0x0800071c   Section        0  stm32f4xx_hal.o(i.HAL_IncTick)
    i.HAL_Init                               0x08000734   Section        0  stm32f4xx_hal.o(i.HAL_Init)
    i.HAL_InitTick                           0x08000770   Section        0  stm32f4xx_hal.o(i.HAL_InitTick)
    i.HAL_MspInit                            0x080007bc   Section        0  stm32f4xx_hal_msp.o(i.HAL_MspInit)
    i.HAL_NVIC_SetPriority                   0x08000804   Section        0  stm32f4xx_hal_cortex.o(i.HAL_NVIC_SetPriority)
    i.HAL_NVIC_SetPriorityGrouping           0x08000880   Section        0  stm32f4xx_hal_cortex.o(i.HAL_NVIC_SetPriorityGrouping)
    i.HAL_RCC_ClockConfig                    0x080008a8   Section        0  stm32f4xx_hal_rcc.o(i.HAL_RCC_ClockConfig)
    i.HAL_RCC_GetHCLKFreq                    0x08000a2c   Section        0  stm32f4xx_hal_rcc.o(i.HAL_RCC_GetHCLKFreq)
    i.HAL_RCC_GetPCLK1Freq                   0x08000a38   Section        0  stm32f4xx_hal_rcc.o(i.HAL_RCC_GetPCLK1Freq)
    i.HAL_RCC_GetPCLK2Freq                   0x08000a58   Section        0  stm32f4xx_hal_rcc.o(i.HAL_RCC_GetPCLK2Freq)
    i.HAL_RCC_GetSysClockFreq                0x08000a78   Section        0  stm32f4xx_hal_rcc.o(i.HAL_RCC_GetSysClockFreq)
    i.HAL_RCC_OscConfig                      0x08000b28   Section        0  stm32f4xx_hal_rcc.o(i.HAL_RCC_OscConfig)
    i.HAL_SPI_Init                           0x08000fc4   Section        0  stm32f4xx_hal_spi.o(i.HAL_SPI_Init)
    i.HAL_SPI_MspInit                        0x0800108c   Section        0  stm32f4xx_hal_msp.o(i.HAL_SPI_MspInit)
    i.HAL_SPI_Receive                        0x08001154   Section        0  stm32f4xx_hal_spi.o(i.HAL_SPI_Receive)
    i.HAL_SPI_Transmit                       0x080012c4   Section        0  stm32f4xx_hal_spi.o(i.HAL_SPI_Transmit)
    i.HAL_SPI_TransmitReceive                0x08001472   Section        0  stm32f4xx_hal_spi.o(i.HAL_SPI_TransmitReceive)
    i.HAL_SYSTICK_Config                     0x0800169c   Section        0  stm32f4xx_hal_cortex.o(i.HAL_SYSTICK_Config)
    i.HAL_UART_Init                          0x080016d0   Section        0  stm32f4xx_hal_uart.o(i.HAL_UART_Init)
    i.HAL_UART_MspInit                       0x08001744   Section        0  stm32f4xx_hal_msp.o(i.HAL_UART_MspInit)
    i.HardFault_Handler                      0x080017cc   Section        0  stm32f4xx_it.o(i.HardFault_Handler)
    i.MX_FATFS_Init                          0x080017d0   Section        0  fatfs.o(i.MX_FATFS_Init)
    i.MX_GPIO_Init                           0x080017ec   Section        0  main.o(i.MX_GPIO_Init)
    MX_GPIO_Init                             0x080017ed   Thumb Code   200  main.o(i.MX_GPIO_Init)
    i.MX_SPI2_Init                           0x080018bc   Section        0  main.o(i.MX_SPI2_Init)
    MX_SPI2_Init                             0x080018bd   Thumb Code    58  main.o(i.MX_SPI2_Init)
    i.MX_USART1_UART_Init                    0x08001900   Section        0  main.o(i.MX_USART1_UART_Init)
    MX_USART1_UART_Init                      0x08001901   Thumb Code    46  main.o(i.MX_USART1_UART_Init)
    i.MemManage_Handler                      0x08001938   Section        0  stm32f4xx_it.o(i.MemManage_Handler)
    i.NMI_Handler                            0x0800193c   Section        0  stm32f4xx_it.o(i.NMI_Handler)
    i.PendSV_Handler                         0x08001940   Section        0  stm32f4xx_it.o(i.PendSV_Handler)
    i.SPI_EndRxTransaction                   0x08001942   Section        0  stm32f4xx_hal_spi.o(i.SPI_EndRxTransaction)
    SPI_EndRxTransaction                     0x08001943   Thumb Code   148  stm32f4xx_hal_spi.o(i.SPI_EndRxTransaction)
    i.SPI_EndRxTxTransaction                 0x080019d8   Section        0  stm32f4xx_hal_spi.o(i.SPI_EndRxTxTransaction)
    SPI_EndRxTxTransaction                   0x080019d9   Thumb Code   100  stm32f4xx_hal_spi.o(i.SPI_EndRxTxTransaction)
    i.SPI_WaitFlagStateUntilTimeout          0x08001a44   Section        0  stm32f4xx_hal_spi.o(i.SPI_WaitFlagStateUntilTimeout)
    SPI_WaitFlagStateUntilTimeout            0x08001a45   Thumb Code   210  stm32f4xx_hal_spi.o(i.SPI_WaitFlagStateUntilTimeout)
    i.SVC_Handler                            0x08001b1c   Section        0  stm32f4xx_it.o(i.SVC_Handler)
    i.SysTick_Handler                        0x08001b1e   Section        0  stm32f4xx_it.o(i.SysTick_Handler)
    i.SystemClock_Config                     0x08001b28   Section        0  main.o(i.SystemClock_Config)
    i.SystemInit                             0x08001bdc   Section        0  system_stm32f4xx.o(i.SystemInit)
    i.UART_SetConfig                         0x08001bf0   Section        0  stm32f4xx_hal_uart.o(i.UART_SetConfig)
    UART_SetConfig                           0x08001bf1   Thumb Code   546  stm32f4xx_hal_uart.o(i.UART_SetConfig)
    i.USER_initialize                        0x08001e1c   Section        0  user_diskio.o(i.USER_initialize)
    i.USER_ioctl                             0x08001e30   Section        0  user_diskio.o(i.USER_ioctl)
    i.USER_read                              0x08001e38   Section        0  user_diskio.o(i.USER_read)
    i.USER_status                            0x08001e40   Section        0  user_diskio.o(i.USER_status)
    i.USER_write                             0x08001e54   Section        0  user_diskio.o(i.USER_write)
    i.UsageFault_Handler                     0x08001e5c   Section        0  stm32f4xx_it.o(i.UsageFault_Handler)
    i.W25qxx_EraseSector                     0x08001e60   Section        0  spi_flash.o(i.W25qxx_EraseSector)
    i.W25qxx_Init                            0x08001ef0   Section        0  spi_flash.o(i.W25qxx_Init)
    i.W25qxx_ReadByte                        0x0800202c   Section        0  spi_flash.o(i.W25qxx_ReadByte)
    i.W25qxx_ReadID                          0x080020b4   Section        0  spi_flash.o(i.W25qxx_ReadID)
    i.W25qxx_ReadPage                        0x08002108   Section        0  spi_flash.o(i.W25qxx_ReadPage)
    i.W25qxx_ReadSector                      0x080021cc   Section        0  spi_flash.o(i.W25qxx_ReadSector)
    i.W25qxx_ReadStatusRegister              0x0800221c   Section        0  spi_flash.o(i.W25qxx_ReadStatusRegister)
    i.W25qxx_ReadUniqID                      0x0800228c   Section        0  spi_flash.o(i.W25qxx_ReadUniqID)
    i.W25qxx_SectorToPage                    0x080022dc   Section        0  spi_flash.o(i.W25qxx_SectorToPage)
    i.W25qxx_Spi                             0x080022f4   Section        0  spi_flash.o(i.W25qxx_Spi)
    i.W25qxx_WaitForWriteEnd                 0x08002314   Section        0  spi_flash.o(i.W25qxx_WaitForWriteEnd)
    i.W25qxx_WriteEnable                     0x08002364   Section        0  spi_flash.o(i.W25qxx_WriteEnable)
    i.W25qxx_WritePage                       0x0800238c   Section        0  spi_flash.o(i.W25qxx_WritePage)
    i.W25qxx_WriteSector                     0x08002458   Section        0  spi_flash.o(i.W25qxx_WriteSector)
    i.__NVIC_GetPriorityGrouping             0x080024ac   Section        0  stm32f4xx_hal_cortex.o(i.__NVIC_GetPriorityGrouping)
    __NVIC_GetPriorityGrouping               0x080024ad   Thumb Code    10  stm32f4xx_hal_cortex.o(i.__NVIC_GetPriorityGrouping)
    i.__NVIC_SetPriority                     0x080024bc   Section        0  stm32f4xx_hal_cortex.o(i.__NVIC_SetPriority)
    __NVIC_SetPriority                       0x080024bd   Thumb Code    32  stm32f4xx_hal_cortex.o(i.__NVIC_SetPriority)
    i.app_debug_get_ms                       0x080024e4   Section        0  app_debug.o(i.app_debug_get_ms)
    i.app_debug_init                         0x080024fc   Section        0  app_debug.o(i.app_debug_init)
    i.app_debug_print_raw                    0x08002510   Section        0  app_debug.o(i.app_debug_print_raw)
    i.app_debug_put_byte                     0x08002660   Section        0  app_debug.o(i.app_debug_put_byte)
    i.app_debug_register_callback_print      0x08002688   Section        0  app_debug.o(i.app_debug_register_callback_print)
    i.check_fs                               0x080026f0   Section        0  ff.o(i.check_fs)
    check_fs                                 0x080026f1   Thumb Code   116  ff.o(i.check_fs)
    i.chk_chr                                0x0800276c   Section        0  ff.o(i.chk_chr)
    chk_chr                                  0x0800276d   Thumb Code    20  ff.o(i.chk_chr)
    i.chk_lock                               0x08002780   Section        0  ff.o(i.chk_lock)
    chk_lock                                 0x08002781   Thumb Code   120  ff.o(i.chk_lock)
    i.clear_lock                             0x080027fc   Section        0  ff.o(i.clear_lock)
    clear_lock                               0x080027fd   Thumb Code    36  ff.o(i.clear_lock)
    i.clmt_clust                             0x08002824   Section        0  ff.o(i.clmt_clust)
    clmt_clust                               0x08002825   Thumb Code    54  ff.o(i.clmt_clust)
    i.clust2sect                             0x0800285a   Section        0  ff.o(i.clust2sect)
    clust2sect                               0x0800285b   Thumb Code    26  ff.o(i.clust2sect)
    i.create_chain                           0x08002874   Section        0  ff.o(i.create_chain)
    create_chain                             0x08002875   Thumb Code   222  ff.o(i.create_chain)
    i.create_name                            0x08002954   Section        0  ff.o(i.create_name)
    create_name                              0x08002955   Thumb Code   204  ff.o(i.create_name)
    i.custom_itoa                            0x08002a34   Section        0  app_debug.o(i.custom_itoa)
    custom_itoa                              0x08002a35   Thumb Code   186  app_debug.o(i.custom_itoa)
    i.dec_lock                               0x08002af0   Section        0  ff.o(i.dec_lock)
    dec_lock                                 0x08002af1   Thumb Code    64  ff.o(i.dec_lock)
    i.dir_alloc                              0x08002b34   Section        0  ff.o(i.dir_alloc)
    dir_alloc                                0x08002b35   Thumb Code    96  ff.o(i.dir_alloc)
    i.dir_find                               0x08002b94   Section        0  ff.o(i.dir_find)
    dir_find                                 0x08002b95   Thumb Code   108  ff.o(i.dir_find)
    i.dir_next                               0x08002c00   Section        0  ff.o(i.dir_next)
    dir_next                                 0x08002c01   Thumb Code   282  ff.o(i.dir_next)
    i.dir_register                           0x08002d1a   Section        0  ff.o(i.dir_register)
    dir_register                             0x08002d1b   Thumb Code    60  ff.o(i.dir_register)
    i.dir_sdi                                0x08002d56   Section        0  ff.o(i.dir_sdi)
    dir_sdi                                  0x08002d57   Thumb Code   166  ff.o(i.dir_sdi)
    i.disk_initialize                        0x08002dfc   Section        0  diskio.o(i.disk_initialize)
    i.disk_ioctl                             0x08002e60   Section        0  diskio.o(i.disk_ioctl)
    i.disk_read                              0x08002f60   Section        0  diskio.o(i.disk_read)
    i.disk_status                            0x08002f90   Section        0  diskio.o(i.disk_status)
    i.disk_write                             0x08002fe0   Section        0  diskio.o(i.disk_write)
    i.enq_lock                               0x08003100   Section        0  ff.o(i.enq_lock)
    enq_lock                                 0x08003101   Thumb Code    34  ff.o(i.enq_lock)
    i.f_close                                0x08003128   Section        0  ff.o(i.f_close)
    i.f_mkfs                                 0x08003154   Section        0  ff.o(i.f_mkfs)
    i.f_mount                                0x08003830   Section        0  ff.o(i.f_mount)
    i.f_open                                 0x08003890   Section        0  ff.o(i.f_open)
    i.f_read                                 0x08003ad2   Section        0  ff.o(i.f_read)
    i.f_sync                                 0x08003cb0   Section        0  ff.o(i.f_sync)
    i.f_write                                0x08003d50   Section        0  ff.o(i.f_write)
    i.find_volume                            0x08003f74   Section        0  ff.o(i.find_volume)
    find_volume                              0x08003f75   Thumb Code   828  ff.o(i.find_volume)
    i.follow_path                            0x080042c0   Section        0  ff.o(i.follow_path)
    follow_path                              0x080042c1   Thumb Code   174  ff.o(i.follow_path)
    i.get_fat                                0x0800436e   Section        0  ff.o(i.get_fat)
    get_fat                                  0x0800436f   Thumb Code   306  ff.o(i.get_fat)
    i.get_fattime                            0x080044a0   Section        0  fatfs.o(i.get_fattime)
    i.get_ldnumber                           0x080044a4   Section        0  ff.o(i.get_ldnumber)
    get_ldnumber                             0x080044a5   Thumb Code    72  ff.o(i.get_ldnumber)
    i.inc_lock                               0x080044ec   Section        0  ff.o(i.inc_lock)
    inc_lock                                 0x080044ed   Thumb Code   182  ff.o(i.inc_lock)
    i.ld_clust                               0x080045a8   Section        0  ff.o(i.ld_clust)
    ld_clust                                 0x080045a9   Thumb Code    38  ff.o(i.ld_clust)
    i.ld_dword                               0x080045ce   Section        0  ff.o(i.ld_dword)
    ld_dword                                 0x080045cf   Thumb Code    24  ff.o(i.ld_dword)
    i.ld_word                                0x080045e6   Section        0  ff.o(i.ld_word)
    ld_word                                  0x080045e7   Thumb Code    12  ff.o(i.ld_word)
    i.main                                   0x080045f4   Section        0  main.o(i.main)
    i.mem_cmp                                0x0800492c   Section        0  ff.o(i.mem_cmp)
    mem_cmp                                  0x0800492d   Thumb Code    36  ff.o(i.mem_cmp)
    i.mem_cpy                                0x08004950   Section        0  ff.o(i.mem_cpy)
    mem_cpy                                  0x08004951   Thumb Code    26  ff.o(i.mem_cpy)
    i.mem_set                                0x0800496a   Section        0  ff.o(i.mem_set)
    mem_set                                  0x0800496b   Thumb Code    18  ff.o(i.mem_set)
    i.move_window                            0x0800497c   Section        0  ff.o(i.move_window)
    move_window                              0x0800497d   Thumb Code    52  ff.o(i.move_window)
    i.putChar                                0x080049b0   Section        0  ringbuffer.o(i.putChar)
    i.put_fat                                0x080049c0   Section        0  ff.o(i.put_fat)
    put_fat                                  0x080049c1   Thumb Code   400  ff.o(i.put_fat)
    i.put_string                             0x08004b50   Section        0  app_debug.o(i.put_string)
    i.remove_chain                           0x08004b82   Section        0  ff.o(i.remove_chain)
    remove_chain                             0x08004b83   Thumb Code   154  ff.o(i.remove_chain)
    i.ringBufferInit                         0x08004c1c   Section        0  ringbuffer.o(i.ringBufferInit)
    i.st_clust                               0x08004c3c   Section        0  ff.o(i.st_clust)
    st_clust                                 0x08004c3d   Thumb Code    36  ff.o(i.st_clust)
    i.st_dword                               0x08004c60   Section        0  ff.o(i.st_dword)
    st_dword                                 0x08004c61   Thumb Code    24  ff.o(i.st_dword)
    i.st_word                                0x08004c78   Section        0  ff.o(i.st_word)
    st_word                                  0x08004c79   Thumb Code    12  ff.o(i.st_word)
    i.sync_fs                                0x08004c84   Section        0  ff.o(i.sync_fs)
    sync_fs                                  0x08004c85   Thumb Code   134  ff.o(i.sync_fs)
    i.sync_window                            0x08004d14   Section        0  ff.o(i.sync_window)
    sync_window                              0x08004d15   Thumb Code    82  ff.o(i.sync_window)
    i.sys_get_ms                             0x08004d68   Section        0  app_debug.o(i.sys_get_ms)
    i.usart_logger_put                       0x08004d74   Section        0  app_debug.o(i.usart_logger_put)
    i.validate                               0x08004d9c   Section        0  ff.o(i.validate)
    validate                                 0x08004d9d   Thumb Code    60  ff.o(i.validate)
    x$fpl$fpinit                             0x08004dd8   Section       10  fpinit.o(x$fpl$fpinit)
    $v0                                      0x08004dd8   Number         0  fpinit.o(x$fpl$fpinit)
    .constdata                               0x08004de2   Section       24  system_stm32f4xx.o(.constdata)
    .constdata                               0x08004dfa   Section      156  ff.o(.constdata)
    ExCvt                                    0x08004dfa   Data         128  ff.o(.constdata)
    cst                                      0x08004e7a   Data          14  ff.o(.constdata)
    cst32                                    0x08004e88   Data          14  ff.o(.constdata)
    .data                                    0x20000000   Section       12  ringbuffer.o(.data)
    .data                                    0x2000000c   Section      112  main.o(.data)
    .data                                    0x2000007c   Section       24  user_diskio.o(.data)
    Stat                                     0x2000007c   Data           1  user_diskio.o(.data)
    .data                                    0x20000094   Section        5  fatfs.o(.data)
    .data                                    0x2000009c   Section        9  stm32f4xx_hal.o(.data)
    .data                                    0x200000a8   Section        4  system_stm32f4xx.o(.data)
    .data                                    0x200000ac   Section        6  ff.o(.data)
    FatFs                                    0x200000ac   Data           4  ff.o(.data)
    Fsid                                     0x200000b0   Data           2  ff.o(.data)
    .data                                    0x200000b4   Section       12  app_debug.o(.data)
    number_of_callback                       0x200000b4   Data           1  app_debug.o(.data)
    m_get_ms                                 0x200000b8   Data           4  app_debug.o(.data)
    m_lock_cb                                0x200000bc   Data           4  app_debug.o(.data)
    .bss                                     0x200000c0   Section      128  ringbuffer.o(.bss)
    .bss                                     0x20000140   Section    12544  main.o(.bss)
    .bss                                     0x20003240   Section       40  spi_flash.o(.bss)
    .bss                                     0x20003268   Section       32  ff.o(.bss)
    Files                                    0x20003268   Data          32  ff.o(.bss)
    .bss                                     0x20003288   Section       12  ff_gen_drv.o(.bss)
    .bss                                     0x20003294   Section       16  app_debug.o(.bss)
    m_write_cb                               0x20003294   Data          16  app_debug.o(.bss)
    .bss                                     0x200032a4   Section       96  libspace.o(.bss)
    HEAP                                     0x20003308   Section      512  startup_stm32f407xx.o(HEAP)
    Heap_Mem                                 0x20003308   Data         512  startup_stm32f407xx.o(HEAP)
    STACK                                    0x20003508   Section     1024  startup_stm32f407xx.o(STACK)
    Stack_Mem                                0x20003508   Data        1024  startup_stm32f407xx.o(STACK)
    __initial_sp                             0x20003908   Data           0  startup_stm32f407xx.o(STACK)

    Global Symbols

    Symbol Name                              Value     Ov Type        Size  Object(Section)

    BuildAttributes$$THM_ISAv4$E$P$D$K$B$S$7EM$VFPi3$EXTD16$VFPS$VFMA$PE$A:L22UL41UL21$X:L11$S22US41US21$IEEE1$IW$USESV6$~STKCKD$USESV7$~SHL$OSPACE$ROPI$EBA8$UX$STANDARDLIB$REQ8$PRES8$EABIv2 0x00000000   Number         0  anon$$obj.o ABSOLUTE
    __ARM_use_no_argv                        0x00000000   Number         0  main.o ABSOLUTE
    __ARM_exceptions_init                     - Undefined Weak Reference
    __alloca_initialize                       - Undefined Weak Reference
    __arm_preinit_                            - Undefined Weak Reference
    __cpp_initialize__aeabi_                  - Undefined Weak Reference
    __cxa_finalize                            - Undefined Weak Reference
    __sigvec_lookup                           - Undefined Weak Reference
    _atexit_init                              - Undefined Weak Reference
    _call_atexit_fns                          - Undefined Weak Reference
    _clock_init                               - Undefined Weak Reference
    _fp_trap_init                             - Undefined Weak Reference
    _fp_trap_shutdown                         - Undefined Weak Reference
    _get_lc_collate                           - Undefined Weak Reference
    _get_lc_monetary                          - Undefined Weak Reference
    _get_lc_numeric                           - Undefined Weak Reference
    _get_lc_time                              - Undefined Weak Reference
    _getenv_init                              - Undefined Weak Reference
    _handle_redirection                       - Undefined Weak Reference
    _init_alloc                               - Undefined Weak Reference
    _init_user_alloc                          - Undefined Weak Reference
    _initio                                   - Undefined Weak Reference
    _rand_init                                - Undefined Weak Reference
    _signal_finish                            - Undefined Weak Reference
    _signal_init                              - Undefined Weak Reference
    _terminate_alloc                          - Undefined Weak Reference
    _terminate_user_alloc                     - Undefined Weak Reference
    _terminateio                              - Undefined Weak Reference
    __Vectors_Size                           0x00000188   Number         0  startup_stm32f407xx.o ABSOLUTE
    __Vectors                                0x08000000   Data           4  startup_stm32f407xx.o(RESET)
    __Vectors_End                            0x08000188   Data           0  startup_stm32f407xx.o(RESET)
    __main                                   0x08000189   Thumb Code     8  __main.o(!!!main)
    __scatterload                            0x08000191   Thumb Code     0  __scatter.o(!!!scatter)
    __scatterload_rt2                        0x08000191   Thumb Code    44  __scatter.o(!!!scatter)
    __scatterload_rt2_thumb_only             0x08000191   Thumb Code     0  __scatter.o(!!!scatter)
    __scatterload_null                       0x0800019f   Thumb Code     0  __scatter.o(!!!scatter)
    __scatterload_copy                       0x080001c5   Thumb Code    26  __scatter_copy.o(!!handler_copy)
    __scatterload_zeroinit                   0x080001e1   Thumb Code    28  __scatter_zi.o(!!handler_zi)
    __rt_lib_init                            0x080001fd   Thumb Code     0  libinit.o(.ARM.Collect$$libinit$$00000000)
    __rt_lib_init_fp_1                       0x080001ff   Thumb Code     0  libinit2.o(.ARM.Collect$$libinit$$00000001)
    __rt_lib_init_alloca_1                   0x08000203   Thumb Code     0  libinit2.o(.ARM.Collect$$libinit$$0000002E)
    __rt_lib_init_argv_1                     0x08000203   Thumb Code     0  libinit2.o(.ARM.Collect$$libinit$$0000002C)
    __rt_lib_init_atexit_1                   0x08000203   Thumb Code     0  libinit2.o(.ARM.Collect$$libinit$$0000001B)
    __rt_lib_init_clock_1                    0x08000203   Thumb Code     0  libinit2.o(.ARM.Collect$$libinit$$00000021)
    __rt_lib_init_cpp_1                      0x08000203   Thumb Code     0  libinit2.o(.ARM.Collect$$libinit$$00000032)
    __rt_lib_init_exceptions_1               0x08000203   Thumb Code     0  libinit2.o(.ARM.Collect$$libinit$$00000030)
    __rt_lib_init_fp_trap_1                  0x08000203   Thumb Code     0  libinit2.o(.ARM.Collect$$libinit$$0000001F)
    __rt_lib_init_getenv_1                   0x08000203   Thumb Code     0  libinit2.o(.ARM.Collect$$libinit$$00000023)
    __rt_lib_init_heap_1                     0x08000203   Thumb Code     0  libinit2.o(.ARM.Collect$$libinit$$0000000A)
    __rt_lib_init_lc_collate_1               0x08000203   Thumb Code     0  libinit2.o(.ARM.Collect$$libinit$$00000011)
    __rt_lib_init_lc_ctype_1                 0x08000203   Thumb Code     0  libinit2.o(.ARM.Collect$$libinit$$00000013)
    __rt_lib_init_lc_monetary_1              0x08000203   Thumb Code     0  libinit2.o(.ARM.Collect$$libinit$$00000015)
    __rt_lib_init_lc_numeric_1               0x08000203   Thumb Code     0  libinit2.o(.ARM.Collect$$libinit$$00000017)
    __rt_lib_init_lc_time_1                  0x08000203   Thumb Code     0  libinit2.o(.ARM.Collect$$libinit$$00000019)
    __rt_lib_init_preinit_1                  0x08000203   Thumb Code     0  libinit2.o(.ARM.Collect$$libinit$$00000004)
    __rt_lib_init_rand_1                     0x08000203   Thumb Code     0  libinit2.o(.ARM.Collect$$libinit$$0000000E)
    __rt_lib_init_return                     0x08000203   Thumb Code     0  libinit2.o(.ARM.Collect$$libinit$$00000033)
    __rt_lib_init_signal_1                   0x08000203   Thumb Code     0  libinit2.o(.ARM.Collect$$libinit$$0000001D)
    __rt_lib_init_stdio_1                    0x08000203   Thumb Code     0  libinit2.o(.ARM.Collect$$libinit$$00000025)
    __rt_lib_init_user_alloc_1               0x08000203   Thumb Code     0  libinit2.o(.ARM.Collect$$libinit$$0000000C)
    __rt_lib_shutdown                        0x08000205   Thumb Code     0  libshutdown.o(.ARM.Collect$$libshutdown$$00000000)
    __rt_lib_shutdown_cpp_1                  0x08000207   Thumb Code     0  libshutdown2.o(.ARM.Collect$$libshutdown$$00000002)
    __rt_lib_shutdown_fp_trap_1              0x08000207   Thumb Code     0  libshutdown2.o(.ARM.Collect$$libshutdown$$00000007)
    __rt_lib_shutdown_heap_1                 0x08000207   Thumb Code     0  libshutdown2.o(.ARM.Collect$$libshutdown$$0000000F)
    __rt_lib_shutdown_return                 0x08000207   Thumb Code     0  libshutdown2.o(.ARM.Collect$$libshutdown$$00000010)
    __rt_lib_shutdown_signal_1               0x08000207   Thumb Code     0  libshutdown2.o(.ARM.Collect$$libshutdown$$0000000A)
    __rt_lib_shutdown_stdio_1                0x08000207   Thumb Code     0  libshutdown2.o(.ARM.Collect$$libshutdown$$00000004)
    __rt_lib_shutdown_user_alloc_1           0x08000207   Thumb Code     0  libshutdown2.o(.ARM.Collect$$libshutdown$$0000000C)
    __rt_entry                               0x08000209   Thumb Code     0  __rtentry.o(.ARM.Collect$$rtentry$$00000000)
    __rt_entry_presh_1                       0x08000209   Thumb Code     0  __rtentry2.o(.ARM.Collect$$rtentry$$00000002)
    __rt_entry_sh                            0x08000209   Thumb Code     0  __rtentry4.o(.ARM.Collect$$rtentry$$00000004)
    __rt_entry_li                            0x0800020f   Thumb Code     0  __rtentry2.o(.ARM.Collect$$rtentry$$0000000A)
    __rt_entry_postsh_1                      0x0800020f   Thumb Code     0  __rtentry2.o(.ARM.Collect$$rtentry$$00000009)
    __rt_entry_main                          0x08000213   Thumb Code     0  __rtentry2.o(.ARM.Collect$$rtentry$$0000000D)
    __rt_entry_postli_1                      0x08000213   Thumb Code     0  __rtentry2.o(.ARM.Collect$$rtentry$$0000000C)
    __rt_exit                                0x0800021b   Thumb Code     0  rtexit.o(.ARM.Collect$$rtexit$$00000000)
    __rt_exit_ls                             0x0800021d   Thumb Code     0  rtexit2.o(.ARM.Collect$$rtexit$$00000003)
    __rt_exit_prels_1                        0x0800021d   Thumb Code     0  rtexit2.o(.ARM.Collect$$rtexit$$00000002)
    __rt_exit_exit                           0x08000221   Thumb Code     0  rtexit2.o(.ARM.Collect$$rtexit$$00000004)
    Reset_Handler                            0x08000229   Thumb Code     8  startup_stm32f407xx.o(.text)
    ADC_IRQHandler                           0x08000243   Thumb Code     0  startup_stm32f407xx.o(.text)
    CAN1_RX0_IRQHandler                      0x08000243   Thumb Code     0  startup_stm32f407xx.o(.text)
    CAN1_RX1_IRQHandler                      0x08000243   Thumb Code     0  startup_stm32f407xx.o(.text)
    CAN1_SCE_IRQHandler                      0x08000243   Thumb Code     0  startup_stm32f407xx.o(.text)
    CAN1_TX_IRQHandler                       0x08000243   Thumb Code     0  startup_stm32f407xx.o(.text)
    CAN2_RX0_IRQHandler                      0x08000243   Thumb Code     0  startup_stm32f407xx.o(.text)
    CAN2_RX1_IRQHandler                      0x08000243   Thumb Code     0  startup_stm32f407xx.o(.text)
    CAN2_SCE_IRQHandler                      0x08000243   Thumb Code     0  startup_stm32f407xx.o(.text)
    CAN2_TX_IRQHandler                       0x08000243   Thumb Code     0  startup_stm32f407xx.o(.text)
    DCMI_IRQHandler                          0x08000243   Thumb Code     0  startup_stm32f407xx.o(.text)
    DMA1_Stream0_IRQHandler                  0x08000243   Thumb Code     0  startup_stm32f407xx.o(.text)
    DMA1_Stream1_IRQHandler                  0x08000243   Thumb Code     0  startup_stm32f407xx.o(.text)
    DMA1_Stream2_IRQHandler                  0x08000243   Thumb Code     0  startup_stm32f407xx.o(.text)
    DMA1_Stream3_IRQHandler                  0x08000243   Thumb Code     0  startup_stm32f407xx.o(.text)
    DMA1_Stream4_IRQHandler                  0x08000243   Thumb Code     0  startup_stm32f407xx.o(.text)
    DMA1_Stream5_IRQHandler                  0x08000243   Thumb Code     0  startup_stm32f407xx.o(.text)
    DMA1_Stream6_IRQHandler                  0x08000243   Thumb Code     0  startup_stm32f407xx.o(.text)
    DMA1_Stream7_IRQHandler                  0x08000243   Thumb Code     0  startup_stm32f407xx.o(.text)
    DMA2_Stream0_IRQHandler                  0x08000243   Thumb Code     0  startup_stm32f407xx.o(.text)
    DMA2_Stream1_IRQHandler                  0x08000243   Thumb Code     0  startup_stm32f407xx.o(.text)
    DMA2_Stream2_IRQHandler                  0x08000243   Thumb Code     0  startup_stm32f407xx.o(.text)
    DMA2_Stream3_IRQHandler                  0x08000243   Thumb Code     0  startup_stm32f407xx.o(.text)
    DMA2_Stream4_IRQHandler                  0x08000243   Thumb Code     0  startup_stm32f407xx.o(.text)
    DMA2_Stream5_IRQHandler                  0x08000243   Thumb Code     0  startup_stm32f407xx.o(.text)
    DMA2_Stream6_IRQHandler                  0x08000243   Thumb Code     0  startup_stm32f407xx.o(.text)
    DMA2_Stream7_IRQHandler                  0x08000243   Thumb Code     0  startup_stm32f407xx.o(.text)
    ETH_IRQHandler                           0x08000243   Thumb Code     0  startup_stm32f407xx.o(.text)
    ETH_WKUP_IRQHandler                      0x08000243   Thumb Code     0  startup_stm32f407xx.o(.text)
    EXTI0_IRQHandler                         0x08000243   Thumb Code     0  startup_stm32f407xx.o(.text)
    EXTI15_10_IRQHandler                     0x08000243   Thumb Code     0  startup_stm32f407xx.o(.text)
    EXTI1_IRQHandler                         0x08000243   Thumb Code     0  startup_stm32f407xx.o(.text)
    EXTI2_IRQHandler                         0x08000243   Thumb Code     0  startup_stm32f407xx.o(.text)
    EXTI3_IRQHandler                         0x08000243   Thumb Code     0  startup_stm32f407xx.o(.text)
    EXTI4_IRQHandler                         0x08000243   Thumb Code     0  startup_stm32f407xx.o(.text)
    EXTI9_5_IRQHandler                       0x08000243   Thumb Code     0  startup_stm32f407xx.o(.text)
    FLASH_IRQHandler                         0x08000243   Thumb Code     0  startup_stm32f407xx.o(.text)
    FMC_IRQHandler                           0x08000243   Thumb Code     0  startup_stm32f407xx.o(.text)
    FPU_IRQHandler                           0x08000243   Thumb Code     0  startup_stm32f407xx.o(.text)
    HASH_RNG_IRQHandler                      0x08000243   Thumb Code     0  startup_stm32f407xx.o(.text)
    I2C1_ER_IRQHandler                       0x08000243   Thumb Code     0  startup_stm32f407xx.o(.text)
    I2C1_EV_IRQHandler                       0x08000243   Thumb Code     0  startup_stm32f407xx.o(.text)
    I2C2_ER_IRQHandler                       0x08000243   Thumb Code     0  startup_stm32f407xx.o(.text)
    I2C2_EV_IRQHandler                       0x08000243   Thumb Code     0  startup_stm32f407xx.o(.text)
    I2C3_ER_IRQHandler                       0x08000243   Thumb Code     0  startup_stm32f407xx.o(.text)
    I2C3_EV_IRQHandler                       0x08000243   Thumb Code     0  startup_stm32f407xx.o(.text)
    OTG_FS_IRQHandler                        0x08000243   Thumb Code     0  startup_stm32f407xx.o(.text)
    OTG_FS_WKUP_IRQHandler                   0x08000243   Thumb Code     0  startup_stm32f407xx.o(.text)
    OTG_HS_EP1_IN_IRQHandler                 0x08000243   Thumb Code     0  startup_stm32f407xx.o(.text)
    OTG_HS_EP1_OUT_IRQHandler                0x08000243   Thumb Code     0  startup_stm32f407xx.o(.text)
    OTG_HS_IRQHandler                        0x08000243   Thumb Code     0  startup_stm32f407xx.o(.text)
    OTG_HS_WKUP_IRQHandler                   0x08000243   Thumb Code     0  startup_stm32f407xx.o(.text)
    PVD_IRQHandler                           0x08000243   Thumb Code     0  startup_stm32f407xx.o(.text)
    RCC_IRQHandler                           0x08000243   Thumb Code     0  startup_stm32f407xx.o(.text)
    RTC_Alarm_IRQHandler                     0x08000243   Thumb Code     0  startup_stm32f407xx.o(.text)
    RTC_WKUP_IRQHandler                      0x08000243   Thumb Code     0  startup_stm32f407xx.o(.text)
    SDIO_IRQHandler                          0x08000243   Thumb Code     0  startup_stm32f407xx.o(.text)
    SPI1_IRQHandler                          0x08000243   Thumb Code     0  startup_stm32f407xx.o(.text)
    SPI2_IRQHandler                          0x08000243   Thumb Code     0  startup_stm32f407xx.o(.text)
    SPI3_IRQHandler                          0x08000243   Thumb Code     0  startup_stm32f407xx.o(.text)
    TAMP_STAMP_IRQHandler                    0x08000243   Thumb Code     0  startup_stm32f407xx.o(.text)
    TIM1_BRK_TIM9_IRQHandler                 0x08000243   Thumb Code     0  startup_stm32f407xx.o(.text)
    TIM1_CC_IRQHandler                       0x08000243   Thumb Code     0  startup_stm32f407xx.o(.text)
    TIM1_TRG_COM_TIM11_IRQHandler            0x08000243   Thumb Code     0  startup_stm32f407xx.o(.text)
    TIM1_UP_TIM10_IRQHandler                 0x08000243   Thumb Code     0  startup_stm32f407xx.o(.text)
    TIM2_IRQHandler                          0x08000243   Thumb Code     0  startup_stm32f407xx.o(.text)
    TIM3_IRQHandler                          0x08000243   Thumb Code     0  startup_stm32f407xx.o(.text)
    TIM4_IRQHandler                          0x08000243   Thumb Code     0  startup_stm32f407xx.o(.text)
    TIM5_IRQHandler                          0x08000243   Thumb Code     0  startup_stm32f407xx.o(.text)
    TIM6_DAC_IRQHandler                      0x08000243   Thumb Code     0  startup_stm32f407xx.o(.text)
    TIM7_IRQHandler                          0x08000243   Thumb Code     0  startup_stm32f407xx.o(.text)
    TIM8_BRK_TIM12_IRQHandler                0x08000243   Thumb Code     0  startup_stm32f407xx.o(.text)
    TIM8_CC_IRQHandler                       0x08000243   Thumb Code     0  startup_stm32f407xx.o(.text)
    TIM8_TRG_COM_TIM14_IRQHandler            0x08000243   Thumb Code     0  startup_stm32f407xx.o(.text)
    TIM8_UP_TIM13_IRQHandler                 0x08000243   Thumb Code     0  startup_stm32f407xx.o(.text)
    UART4_IRQHandler                         0x08000243   Thumb Code     0  startup_stm32f407xx.o(.text)
    UART5_IRQHandler                         0x08000243   Thumb Code     0  startup_stm32f407xx.o(.text)
    USART1_IRQHandler                        0x08000243   Thumb Code     0  startup_stm32f407xx.o(.text)
    USART2_IRQHandler                        0x08000243   Thumb Code     0  startup_stm32f407xx.o(.text)
    USART3_IRQHandler                        0x08000243   Thumb Code     0  startup_stm32f407xx.o(.text)
    USART6_IRQHandler                        0x08000243   Thumb Code     0  startup_stm32f407xx.o(.text)
    WWDG_IRQHandler                          0x08000243   Thumb Code     0  startup_stm32f407xx.o(.text)
    __user_initial_stackheap                 0x08000245   Thumb Code     0  startup_stm32f407xx.o(.text)
    __aeabi_uldivmod                         0x08000269   Thumb Code     0  lludivv7m.o(.text)
    _ll_udiv                                 0x08000269   Thumb Code   238  lludivv7m.o(.text)
    memcmp                                   0x08000357   Thumb Code    88  memcmp.o(.text)
    __aeabi_memclr4                          0x080003af   Thumb Code     0  rt_memclr_w.o(.text)
    __aeabi_memclr8                          0x080003af   Thumb Code     0  rt_memclr_w.o(.text)
    __rt_memclr_w                            0x080003af   Thumb Code    78  rt_memclr_w.o(.text)
    _memset_w                                0x080003b3   Thumb Code     0  rt_memclr_w.o(.text)
    __use_two_region_memory                  0x080003fd   Thumb Code     2  heapauxi.o(.text)
    __rt_heap_escrow$2region                 0x080003ff   Thumb Code     2  heapauxi.o(.text)
    __rt_heap_expand$2region                 0x08000401   Thumb Code     2  heapauxi.o(.text)
    __user_libspace                          0x08000405   Thumb Code     8  libspace.o(.text)
    __user_perproc_libspace                  0x08000405   Thumb Code     0  libspace.o(.text)
    __user_perthread_libspace                0x08000405   Thumb Code     0  libspace.o(.text)
    __user_setup_stackheap                   0x0800040d   Thumb Code    74  sys_stackheap_outer.o(.text)
    exit                                     0x08000457   Thumb Code    18  exit.o(.text)
    _sys_exit                                0x08000469   Thumb Code     8  sys_exit.o(.text)
    __I$use$semihosting                      0x08000475   Thumb Code     0  use_no_semi.o(.text)
    __use_no_semihosting_swi                 0x08000475   Thumb Code     2  use_no_semi.o(.text)
    BusFault_Handler                         0x08000477   Thumb Code     4  stm32f4xx_it.o(i.BusFault_Handler)
    __semihosting_library_function           0x08000477   Thumb Code     0  indicate_semi.o(.text)
    DebugMon_Handler                         0x0800047b   Thumb Code     2  stm32f4xx_it.o(i.DebugMon_Handler)
    Error_Handler                            0x0800047d   Thumb Code     6  main.o(i.Error_Handler)
    FATFS_LinkDriver                         0x08000483   Thumb Code    18  ff_gen_drv.o(i.FATFS_LinkDriver)
    FATFS_LinkDriverEx                       0x08000495   Thumb Code    78  ff_gen_drv.o(i.FATFS_LinkDriverEx)
    HAL_Delay                                0x080004e9   Thumb Code    36  stm32f4xx_hal.o(i.HAL_Delay)
    HAL_GPIO_Init                            0x08000511   Thumb Code   454  stm32f4xx_hal_gpio.o(i.HAL_GPIO_Init)
    HAL_GPIO_WritePin                        0x08000705   Thumb Code    12  stm32f4xx_hal_gpio.o(i.HAL_GPIO_WritePin)
    HAL_GetTick                              0x08000711   Thumb Code     6  stm32f4xx_hal.o(i.HAL_GetTick)
    HAL_IncTick                              0x0800071d   Thumb Code    16  stm32f4xx_hal.o(i.HAL_IncTick)
    HAL_Init                                 0x08000735   Thumb Code    54  stm32f4xx_hal.o(i.HAL_Init)
    HAL_InitTick                             0x08000771   Thumb Code    64  stm32f4xx_hal.o(i.HAL_InitTick)
    HAL_MspInit                              0x080007bd   Thumb Code    68  stm32f4xx_hal_msp.o(i.HAL_MspInit)
    HAL_NVIC_SetPriority                     0x08000805   Thumb Code   124  stm32f4xx_hal_cortex.o(i.HAL_NVIC_SetPriority)
    HAL_NVIC_SetPriorityGrouping             0x08000881   Thumb Code    32  stm32f4xx_hal_cortex.o(i.HAL_NVIC_SetPriorityGrouping)
    HAL_RCC_ClockConfig                      0x080008a9   Thumb Code   368  stm32f4xx_hal_rcc.o(i.HAL_RCC_ClockConfig)
    HAL_RCC_GetHCLKFreq                      0x08000a2d   Thumb Code     6  stm32f4xx_hal_rcc.o(i.HAL_RCC_GetHCLKFreq)
    HAL_RCC_GetPCLK1Freq                     0x08000a39   Thumb Code    22  stm32f4xx_hal_rcc.o(i.HAL_RCC_GetPCLK1Freq)
    HAL_RCC_GetPCLK2Freq                     0x08000a59   Thumb Code    22  stm32f4xx_hal_rcc.o(i.HAL_RCC_GetPCLK2Freq)
    HAL_RCC_GetSysClockFreq                  0x08000a79   Thumb Code   162  stm32f4xx_hal_rcc.o(i.HAL_RCC_GetSysClockFreq)
    HAL_RCC_OscConfig                        0x08000b29   Thumb Code  1172  stm32f4xx_hal_rcc.o(i.HAL_RCC_OscConfig)
    HAL_SPI_Init                             0x08000fc5   Thumb Code   200  stm32f4xx_hal_spi.o(i.HAL_SPI_Init)
    HAL_SPI_MspInit                          0x0800108d   Thumb Code   182  stm32f4xx_hal_msp.o(i.HAL_SPI_MspInit)
    HAL_SPI_Receive                          0x08001155   Thumb Code   368  stm32f4xx_hal_spi.o(i.HAL_SPI_Receive)
    HAL_SPI_Transmit                         0x080012c5   Thumb Code   430  stm32f4xx_hal_spi.o(i.HAL_SPI_Transmit)
    HAL_SPI_TransmitReceive                  0x08001473   Thumb Code   554  stm32f4xx_hal_spi.o(i.HAL_SPI_TransmitReceive)
    HAL_SYSTICK_Config                       0x0800169d   Thumb Code    52  stm32f4xx_hal_cortex.o(i.HAL_SYSTICK_Config)
    HAL_UART_Init                            0x080016d1   Thumb Code   114  stm32f4xx_hal_uart.o(i.HAL_UART_Init)
    HAL_UART_MspInit                         0x08001745   Thumb Code   124  stm32f4xx_hal_msp.o(i.HAL_UART_MspInit)
    HardFault_Handler                        0x080017cd   Thumb Code     4  stm32f4xx_it.o(i.HardFault_Handler)
    MX_FATFS_Init                            0x080017d1   Thumb Code    16  fatfs.o(i.MX_FATFS_Init)
    MemManage_Handler                        0x08001939   Thumb Code     4  stm32f4xx_it.o(i.MemManage_Handler)
    NMI_Handler                              0x0800193d   Thumb Code     4  stm32f4xx_it.o(i.NMI_Handler)
    PendSV_Handler                           0x08001941   Thumb Code     2  stm32f4xx_it.o(i.PendSV_Handler)
    SVC_Handler                              0x08001b1d   Thumb Code     2  stm32f4xx_it.o(i.SVC_Handler)
    SysTick_Handler                          0x08001b1f   Thumb Code     8  stm32f4xx_it.o(i.SysTick_Handler)
    SystemClock_Config                       0x08001b29   Thumb Code   170  main.o(i.SystemClock_Config)
    SystemInit                               0x08001bdd   Thumb Code    14  system_stm32f4xx.o(i.SystemInit)
    USER_initialize                          0x08001e1d   Thumb Code    14  user_diskio.o(i.USER_initialize)
    USER_ioctl                               0x08001e31   Thumb Code     8  user_diskio.o(i.USER_ioctl)
    USER_read                                0x08001e39   Thumb Code     8  user_diskio.o(i.USER_read)
    USER_status                              0x08001e41   Thumb Code    14  user_diskio.o(i.USER_status)
    USER_write                               0x08001e55   Thumb Code     8  user_diskio.o(i.USER_write)
    UsageFault_Handler                       0x08001e5d   Thumb Code     4  stm32f4xx_it.o(i.UsageFault_Handler)
    W25qxx_EraseSector                       0x08001e61   Thumb Code   134  spi_flash.o(i.W25qxx_EraseSector)
    W25qxx_Init                              0x08001ef1   Thumb Code   308  spi_flash.o(i.W25qxx_Init)
    W25qxx_ReadByte                          0x0800202d   Thumb Code   126  spi_flash.o(i.W25qxx_ReadByte)
    W25qxx_ReadID                            0x080020b5   Thumb Code    78  spi_flash.o(i.W25qxx_ReadID)
    W25qxx_ReadPage                          0x08002109   Thumb Code   182  spi_flash.o(i.W25qxx_ReadPage)
    W25qxx_ReadSector                        0x080021cd   Thumb Code    74  spi_flash.o(i.W25qxx_ReadSector)
    W25qxx_ReadStatusRegister                0x0800221d   Thumb Code   102  spi_flash.o(i.W25qxx_ReadStatusRegister)
    W25qxx_ReadUniqID                        0x0800228d   Thumb Code    70  spi_flash.o(i.W25qxx_ReadUniqID)
    W25qxx_SectorToPage                      0x080022dd   Thumb Code    18  spi_flash.o(i.W25qxx_SectorToPage)
    W25qxx_Spi                               0x080022f5   Thumb Code    26  spi_flash.o(i.W25qxx_Spi)
    W25qxx_WaitForWriteEnd                   0x08002315   Thumb Code    70  spi_flash.o(i.W25qxx_WaitForWriteEnd)
    W25qxx_WriteEnable                       0x08002365   Thumb Code    36  spi_flash.o(i.W25qxx_WriteEnable)
    W25qxx_WritePage                         0x0800238d   Thumb Code   190  spi_flash.o(i.W25qxx_WritePage)
    W25qxx_WriteSector                       0x08002459   Thumb Code    78  spi_flash.o(i.W25qxx_WriteSector)
    app_debug_get_ms                         0x080024e5   Thumb Code    20  app_debug.o(i.app_debug_get_ms)
    app_debug_init                           0x080024fd   Thumb Code    10  app_debug.o(i.app_debug_init)
    app_debug_print_raw                      0x08002511   Thumb Code   330  app_debug.o(i.app_debug_print_raw)
    app_debug_put_byte                       0x08002661   Thumb Code    36  app_debug.o(i.app_debug_put_byte)
    app_debug_register_callback_print        0x08002689   Thumb Code    90  app_debug.o(i.app_debug_register_callback_print)
    disk_initialize                          0x08002dfd   Thumb Code    50  diskio.o(i.disk_initialize)
    disk_ioctl                               0x08002e61   Thumb Code   120  diskio.o(i.disk_ioctl)
    disk_read                                0x08002f61   Thumb Code    46  diskio.o(i.disk_read)
    disk_status                              0x08002f91   Thumb Code    30  diskio.o(i.disk_status)
    disk_write                               0x08002fe1   Thumb Code   180  diskio.o(i.disk_write)
    f_close                                  0x08003129   Thumb Code    44  ff.o(i.f_close)
    f_mkfs                                   0x08003155   Thumb Code  1702  ff.o(i.f_mkfs)
    f_mount                                  0x08003831   Thumb Code    92  ff.o(i.f_mount)
    f_open                                   0x08003891   Thumb Code   578  ff.o(i.f_open)
    f_read                                   0x08003ad3   Thumb Code   478  ff.o(i.f_read)
    f_sync                                   0x08003cb1   Thumb Code   160  ff.o(i.f_sync)
    f_write                                  0x08003d51   Thumb Code   548  ff.o(i.f_write)
    get_fattime                              0x080044a1   Thumb Code     4  fatfs.o(i.get_fattime)
    main                                     0x080045f5   Thumb Code   406  main.o(i.main)
    putChar                                  0x080049b1   Thumb Code    16  ringbuffer.o(i.putChar)
    put_string                               0x08004b51   Thumb Code    50  app_debug.o(i.put_string)
    ringBufferInit                           0x08004c1d   Thumb Code    26  ringbuffer.o(i.ringBufferInit)
    sys_get_ms                               0x08004d69   Thumb Code     6  app_debug.o(i.sys_get_ms)
    usart_logger_put                         0x08004d75   Thumb Code    34  app_debug.o(i.usart_logger_put)
    _fp_init                                 0x08004dd9   Thumb Code    10  fpinit.o(x$fpl$fpinit)
    __fplib_config_fpu_vfp                   0x08004de1   Thumb Code     0  fpinit.o(x$fpl$fpinit)
    __fplib_config_pureend_doubles           0x08004de1   Thumb Code     0  fpinit.o(x$fpl$fpinit)
    AHBPrescTable                            0x08004de2   Data          16  system_stm32f4xx.o(.constdata)
    APBPrescTable                            0x08004df2   Data           8  system_stm32f4xx.o(.constdata)
    Region$$Table$$Base                      0x08004e98   Number         0  anon$$obj.o(Region$$Table)
    Region$$Table$$Limit                     0x08004eb8   Number         0  anon$$obj.o(Region$$Table)
    sizeRead                                 0x20000000   Data           1  ringbuffer.o(.data)
    sizeToWrite                              0x20000001   Data           1  ringbuffer.o(.data)
    ringBuff                                 0x20000004   Data           8  ringbuffer.o(.data)
    fres                                     0x2000000c   Data           1  main.o(.data)
    SFLASHPath                               0x2000000d   Data           4  main.o(.data)
    str                                      0x20000011   Data         100  main.o(.data)
    bw                                       0x20000078   Data           4  main.o(.data)
    USER_Driver                              0x20000080   Data          20  user_diskio.o(.data)
    retUSER                                  0x20000094   Data           1  fatfs.o(.data)
    USERPath                                 0x20000095   Data           4  fatfs.o(.data)
    uwTick                                   0x2000009c   Data           4  stm32f4xx_hal.o(.data)
    uwTickPrio                               0x200000a0   Data           4  stm32f4xx_hal.o(.data)
    uwTickFreq                               0x200000a4   Data           1  stm32f4xx_hal.o(.data)
    SystemCoreClock                          0x200000a8   Data           4  system_stm32f4xx.o(.data)
    temp                                     0x200000c0   Data         128  ringbuffer.o(.bss)
    hspi2                                    0x20000140   Data          88  main.o(.bss)
    huart1                                   0x20000198   Data          68  main.o(.bss)
    FatFs                                    0x200001dc   Data        4148  main.o(.bss)
    SFLASHFile                               0x20001210   Data        4144  main.o(.bss)
    gFSWork                                  0x20002240   Data        4096  main.o(.bss)
    w25qxx                                   0x20003240   Data          40  spi_flash.o(.bss)
    disk                                     0x20003288   Data          12  ff_gen_drv.o(.bss)
    __libspace_start                         0x200032a4   Data          96  libspace.o(.bss)
    __temporary_stack_top$libspace           0x20003304   Data           0  libspace.o(.bss)



==============================================================================

Memory Map of the image

  Image Entry point : 0x08000189

  Load Region LR_IROM1 (Base: 0x08000000, Size: 0x00004f78, Max: 0x00080000, ABSOLUTE)

    Execution Region ER_IROM1 (Exec base: 0x08000000, Load base: 0x08000000, Size: 0x00004eb8, Max: 0x00080000, ABSOLUTE)

    Exec Addr    Load Addr    Size         Type   Attr      Idx    E Section Name        Object

    0x08000000   0x08000000   0x00000188   Data   RO            3    RESET               startup_stm32f407xx.o
    0x08000188   0x08000188   0x00000008   Code   RO         3270  * !!!main             c_w.l(__main.o)
    0x08000190   0x08000190   0x00000034   Code   RO         3449    !!!scatter          c_w.l(__scatter.o)
    0x080001c4   0x080001c4   0x0000001a   Code   RO         3451    !!handler_copy      c_w.l(__scatter_copy.o)
    0x080001de   0x080001de   0x00000002   PAD
    0x080001e0   0x080001e0   0x0000001c   Code   RO         3453    !!handler_zi        c_w.l(__scatter_zi.o)
    0x080001fc   0x080001fc   0x00000002   Code   RO         3369    .ARM.Collect$$libinit$$00000000  c_w.l(libinit.o)
    0x080001fe   0x080001fe   0x00000004   Code   RO         3309    .ARM.Collect$$libinit$$00000001  c_w.l(libinit2.o)
    0x08000202   0x08000202   0x00000000   Code   RO         3312    .ARM.Collect$$libinit$$00000004  c_w.l(libinit2.o)
    0x08000202   0x08000202   0x00000000   Code   RO         3315    .ARM.Collect$$libinit$$0000000A  c_w.l(libinit2.o)
    0x08000202   0x08000202   0x00000000   Code   RO         3317    .ARM.Collect$$libinit$$0000000C  c_w.l(libinit2.o)
    0x08000202   0x08000202   0x00000000   Code   RO         3319    .ARM.Collect$$libinit$$0000000E  c_w.l(libinit2.o)
    0x08000202   0x08000202   0x00000000   Code   RO         3322    .ARM.Collect$$libinit$$00000011  c_w.l(libinit2.o)
    0x08000202   0x08000202   0x00000000   Code   RO         3324    .ARM.Collect$$libinit$$00000013  c_w.l(libinit2.o)
    0x08000202   0x08000202   0x00000000   Code   RO         3326    .ARM.Collect$$libinit$$00000015  c_w.l(libinit2.o)
    0x08000202   0x08000202   0x00000000   Code   RO         3328    .ARM.Collect$$libinit$$00000017  c_w.l(libinit2.o)
    0x08000202   0x08000202   0x00000000   Code   RO         3330    .ARM.Collect$$libinit$$00000019  c_w.l(libinit2.o)
    0x08000202   0x08000202   0x00000000   Code   RO         3332    .ARM.Collect$$libinit$$0000001B  c_w.l(libinit2.o)
    0x08000202   0x08000202   0x00000000   Code   RO         3334    .ARM.Collect$$libinit$$0000001D  c_w.l(libinit2.o)
    0x08000202   0x08000202   0x00000000   Code   RO         3336    .ARM.Collect$$libinit$$0000001F  c_w.l(libinit2.o)
    0x08000202   0x08000202   0x00000000   Code   RO         3338    .ARM.Collect$$libinit$$00000021  c_w.l(libinit2.o)
    0x08000202   0x08000202   0x00000000   Code   RO         3340    .ARM.Collect$$libinit$$00000023  c_w.l(libinit2.o)
    0x08000202   0x08000202   0x00000000   Code   RO         3342    .ARM.Collect$$libinit$$00000025  c_w.l(libinit2.o)
    0x08000202   0x08000202   0x00000000   Code   RO         3346    .ARM.Collect$$libinit$$0000002C  c_w.l(libinit2.o)
    0x08000202   0x08000202   0x00000000   Code   RO         3348    .ARM.Collect$$libinit$$0000002E  c_w.l(libinit2.o)
    0x08000202   0x08000202   0x00000000   Code   RO         3350    .ARM.Collect$$libinit$$00000030  c_w.l(libinit2.o)
    0x08000202   0x08000202   0x00000000   Code   RO         3352    .ARM.Collect$$libinit$$00000032  c_w.l(libinit2.o)
    0x08000202   0x08000202   0x00000002   Code   RO         3353    .ARM.Collect$$libinit$$00000033  c_w.l(libinit2.o)
    0x08000204   0x08000204   0x00000002   Code   RO         3416    .ARM.Collect$$libshutdown$$00000000  c_w.l(libshutdown.o)
    0x08000206   0x08000206   0x00000000   Code   RO         3432    .ARM.Collect$$libshutdown$$00000002  c_w.l(libshutdown2.o)
    0x08000206   0x08000206   0x00000000   Code   RO         3434    .ARM.Collect$$libshutdown$$00000004  c_w.l(libshutdown2.o)
    0x08000206   0x08000206   0x00000000   Code   RO         3437    .ARM.Collect$$libshutdown$$00000007  c_w.l(libshutdown2.o)
    0x08000206   0x08000206   0x00000000   Code   RO         3440    .ARM.Collect$$libshutdown$$0000000A  c_w.l(libshutdown2.o)
    0x08000206   0x08000206   0x00000000   Code   RO         3442    .ARM.Collect$$libshutdown$$0000000C  c_w.l(libshutdown2.o)
    0x08000206   0x08000206   0x00000000   Code   RO         3445    .ARM.Collect$$libshutdown$$0000000F  c_w.l(libshutdown2.o)
    0x08000206   0x08000206   0x00000002   Code   RO         3446    .ARM.Collect$$libshutdown$$00000010  c_w.l(libshutdown2.o)
    0x08000208   0x08000208   0x00000000   Code   RO         3272    .ARM.Collect$$rtentry$$00000000  c_w.l(__rtentry.o)
    0x08000208   0x08000208   0x00000000   Code   RO         3291    .ARM.Collect$$rtentry$$00000002  c_w.l(__rtentry2.o)
    0x08000208   0x08000208   0x00000006   Code   RO         3303    .ARM.Collect$$rtentry$$00000004  c_w.l(__rtentry4.o)
    0x0800020e   0x0800020e   0x00000000   Code   RO         3293    .ARM.Collect$$rtentry$$00000009  c_w.l(__rtentry2.o)
    0x0800020e   0x0800020e   0x00000004   Code   RO         3294    .ARM.Collect$$rtentry$$0000000A  c_w.l(__rtentry2.o)
    0x08000212   0x08000212   0x00000000   Code   RO         3296    .ARM.Collect$$rtentry$$0000000C  c_w.l(__rtentry2.o)
    0x08000212   0x08000212   0x00000008   Code   RO         3297    .ARM.Collect$$rtentry$$0000000D  c_w.l(__rtentry2.o)
    0x0800021a   0x0800021a   0x00000002   Code   RO         3372    .ARM.Collect$$rtexit$$00000000  c_w.l(rtexit.o)
    0x0800021c   0x0800021c   0x00000000   Code   RO         3389    .ARM.Collect$$rtexit$$00000002  c_w.l(rtexit2.o)
    0x0800021c   0x0800021c   0x00000004   Code   RO         3390    .ARM.Collect$$rtexit$$00000003  c_w.l(rtexit2.o)
    0x08000220   0x08000220   0x00000006   Code   RO         3391    .ARM.Collect$$rtexit$$00000004  c_w.l(rtexit2.o)
    0x08000226   0x08000226   0x00000002   PAD
    0x08000228   0x08000228   0x00000040   Code   RO            4    .text               startup_stm32f407xx.o
    0x08000268   0x08000268   0x000000ee   Code   RO         3260    .text               c_w.l(lludivv7m.o)
    0x08000356   0x08000356   0x00000058   Code   RO         3262    .text               c_w.l(memcmp.o)
    0x080003ae   0x080003ae   0x0000004e   Code   RO         3266    .text               c_w.l(rt_memclr_w.o)
    0x080003fc   0x080003fc   0x00000006   Code   RO         3268    .text               c_w.l(heapauxi.o)
    0x08000402   0x08000402   0x00000002   PAD
    0x08000404   0x08000404   0x00000008   Code   RO         3287    .text               c_w.l(libspace.o)
    0x0800040c   0x0800040c   0x0000004a   Code   RO         3354    .text               c_w.l(sys_stackheap_outer.o)
    0x08000456   0x08000456   0x00000012   Code   RO         3356    .text               c_w.l(exit.o)
    0x08000468   0x08000468   0x0000000c   Code   RO         3386    .text               c_w.l(sys_exit.o)
    0x08000474   0x08000474   0x00000002   Code   RO         3407    .text               c_w.l(use_no_semi.o)
    0x08000476   0x08000476   0x00000000   Code   RO         3409    .text               c_w.l(indicate_semi.o)
    0x08000476   0x08000476   0x00000004   Code   RO          291    i.BusFault_Handler  stm32f4xx_it.o
    0x0800047a   0x0800047a   0x00000002   Code   RO          292    i.DebugMon_Handler  stm32f4xx_it.o
    0x0800047c   0x0800047c   0x00000006   Code   RO          192    i.Error_Handler     main.o
    0x08000482   0x08000482   0x00000012   Code   RO         3072    i.FATFS_LinkDriver  ff_gen_drv.o
    0x08000494   0x08000494   0x00000054   Code   RO         3073    i.FATFS_LinkDriverEx  ff_gen_drv.o
    0x080004e8   0x080004e8   0x00000028   Code   RO         1644    i.HAL_Delay         stm32f4xx_hal.o
    0x08000510   0x08000510   0x000001f4   Code   RO         1113    i.HAL_GPIO_Init     stm32f4xx_hal_gpio.o
    0x08000704   0x08000704   0x0000000c   Code   RO         1117    i.HAL_GPIO_WritePin  stm32f4xx_hal_gpio.o
    0x08000710   0x08000710   0x0000000c   Code   RO         1650    i.HAL_GetTick       stm32f4xx_hal.o
    0x0800071c   0x0800071c   0x00000018   Code   RO         1656    i.HAL_IncTick       stm32f4xx_hal.o
    0x08000734   0x08000734   0x0000003c   Code   RO         1657    i.HAL_Init          stm32f4xx_hal.o
    0x08000770   0x08000770   0x0000004c   Code   RO         1658    i.HAL_InitTick      stm32f4xx_hal.o
    0x080007bc   0x080007bc   0x00000048   Code   RO          366    i.HAL_MspInit       stm32f4xx_hal_msp.o
    0x08000804   0x08000804   0x0000007c   Code   RO         1508    i.HAL_NVIC_SetPriority  stm32f4xx_hal_cortex.o
    0x08000880   0x08000880   0x00000028   Code   RO         1509    i.HAL_NVIC_SetPriorityGrouping  stm32f4xx_hal_cortex.o
    0x080008a8   0x080008a8   0x00000184   Code   RO          714    i.HAL_RCC_ClockConfig  stm32f4xx_hal_rcc.o
    0x08000a2c   0x08000a2c   0x0000000c   Code   RO          719    i.HAL_RCC_GetHCLKFreq  stm32f4xx_hal_rcc.o
    0x08000a38   0x08000a38   0x00000020   Code   RO          721    i.HAL_RCC_GetPCLK1Freq  stm32f4xx_hal_rcc.o
    0x08000a58   0x08000a58   0x00000020   Code   RO          722    i.HAL_RCC_GetPCLK2Freq  stm32f4xx_hal_rcc.o
    0x08000a78   0x08000a78   0x000000b0   Code   RO          723    i.HAL_RCC_GetSysClockFreq  stm32f4xx_hal_rcc.o
    0x08000b28   0x08000b28   0x0000049c   Code   RO          726    i.HAL_RCC_OscConfig  stm32f4xx_hal_rcc.o
    0x08000fc4   0x08000fc4   0x000000c8   Code   RO         1906    i.HAL_SPI_Init      stm32f4xx_hal_spi.o
    0x0800108c   0x0800108c   0x000000c8   Code   RO          368    i.HAL_SPI_MspInit   stm32f4xx_hal_msp.o
    0x08001154   0x08001154   0x00000170   Code   RO         1909    i.HAL_SPI_Receive   stm32f4xx_hal_spi.o
    0x080012c4   0x080012c4   0x000001ae   Code   RO         1914    i.HAL_SPI_Transmit  stm32f4xx_hal_spi.o
    0x08001472   0x08001472   0x0000022a   Code   RO         1915    i.HAL_SPI_TransmitReceive  stm32f4xx_hal_spi.o
    0x0800169c   0x0800169c   0x00000034   Code   RO         1513    i.HAL_SYSTICK_Config  stm32f4xx_hal_cortex.o
    0x080016d0   0x080016d0   0x00000072   Code   RO         2282    i.HAL_UART_Init     stm32f4xx_hal_uart.o
    0x08001742   0x08001742   0x00000002   PAD
    0x08001744   0x08001744   0x00000088   Code   RO          370    i.HAL_UART_MspInit  stm32f4xx_hal_msp.o
    0x080017cc   0x080017cc   0x00000004   Code   RO          293    i.HardFault_Handler  stm32f4xx_it.o
    0x080017d0   0x080017d0   0x0000001c   Code   RO          676    i.MX_FATFS_Init     fatfs.o
    0x080017ec   0x080017ec   0x000000d0   Code   RO          193    i.MX_GPIO_Init      main.o
    0x080018bc   0x080018bc   0x00000044   Code   RO          194    i.MX_SPI2_Init      main.o
    0x08001900   0x08001900   0x00000038   Code   RO          195    i.MX_USART1_UART_Init  main.o
    0x08001938   0x08001938   0x00000004   Code   RO          294    i.MemManage_Handler  stm32f4xx_it.o
    0x0800193c   0x0800193c   0x00000004   Code   RO          295    i.NMI_Handler       stm32f4xx_it.o
    0x08001940   0x08001940   0x00000002   Code   RO          296    i.PendSV_Handler    stm32f4xx_it.o
    0x08001942   0x08001942   0x00000094   Code   RO         1943    i.SPI_EndRxTransaction  stm32f4xx_hal_spi.o
    0x080019d6   0x080019d6   0x00000002   PAD
    0x080019d8   0x080019d8   0x0000006c   Code   RO         1944    i.SPI_EndRxTxTransaction  stm32f4xx_hal_spi.o
    0x08001a44   0x08001a44   0x000000d8   Code   RO         1949    i.SPI_WaitFlagStateUntilTimeout  stm32f4xx_hal_spi.o
    0x08001b1c   0x08001b1c   0x00000002   Code   RO          297    i.SVC_Handler       stm32f4xx_it.o
    0x08001b1e   0x08001b1e   0x00000008   Code   RO          298    i.SysTick_Handler   stm32f4xx_it.o
    0x08001b26   0x08001b26   0x00000002   PAD
    0x08001b28   0x08001b28   0x000000b4   Code   RO          196    i.SystemClock_Config  main.o
    0x08001bdc   0x08001bdc   0x00000014   Code   RO         2621    i.SystemInit        system_stm32f4xx.o
    0x08001bf0   0x08001bf0   0x0000022c   Code   RO         2309    i.UART_SetConfig    stm32f4xx_hal_uart.o
    0x08001e1c   0x08001e1c   0x00000014   Code   RO          616    i.USER_initialize   user_diskio.o
    0x08001e30   0x08001e30   0x00000008   Code   RO          617    i.USER_ioctl        user_diskio.o
    0x08001e38   0x08001e38   0x00000008   Code   RO          618    i.USER_read         user_diskio.o
    0x08001e40   0x08001e40   0x00000014   Code   RO          619    i.USER_status       user_diskio.o
    0x08001e54   0x08001e54   0x00000008   Code   RO          620    i.USER_write        user_diskio.o
    0x08001e5c   0x08001e5c   0x00000004   Code   RO          299    i.UsageFault_Handler  stm32f4xx_it.o
    0x08001e60   0x08001e60   0x00000090   Code   RO          417    i.W25qxx_EraseSector  spi_flash.o
    0x08001ef0   0x08001ef0   0x0000013c   Code   RO          418    i.W25qxx_Init       spi_flash.o
    0x0800202c   0x0800202c   0x00000088   Code   RO          425    i.W25qxx_ReadByte   spi_flash.o
    0x080020b4   0x080020b4   0x00000054   Code   RO          427    i.W25qxx_ReadID     spi_flash.o
    0x08002108   0x08002108   0x000000c4   Code   RO          428    i.W25qxx_ReadPage   spi_flash.o
    0x080021cc   0x080021cc   0x00000050   Code   RO          429    i.W25qxx_ReadSector  spi_flash.o
    0x0800221c   0x0800221c   0x00000070   Code   RO          430    i.W25qxx_ReadStatusRegister  spi_flash.o
    0x0800228c   0x0800228c   0x00000050   Code   RO          431    i.W25qxx_ReadUniqID  spi_flash.o
    0x080022dc   0x080022dc   0x00000018   Code   RO          433    i.W25qxx_SectorToPage  spi_flash.o
    0x080022f4   0x080022f4   0x00000020   Code   RO          434    i.W25qxx_Spi        spi_flash.o
    0x08002314   0x08002314   0x00000050   Code   RO          435    i.W25qxx_WaitForWriteEnd  spi_flash.o
    0x08002364   0x08002364   0x00000028   Code   RO          439    i.W25qxx_WriteEnable  spi_flash.o
    0x0800238c   0x0800238c   0x000000cc   Code   RO          440    i.W25qxx_WritePage  spi_flash.o
    0x08002458   0x08002458   0x00000054   Code   RO          441    i.W25qxx_WriteSector  spi_flash.o
    0x080024ac   0x080024ac   0x00000010   Code   RO         1515    i.__NVIC_GetPriorityGrouping  stm32f4xx_hal_cortex.o
    0x080024bc   0x080024bc   0x00000028   Code   RO         1516    i.__NVIC_SetPriority  stm32f4xx_hal_cortex.o
    0x080024e4   0x080024e4   0x00000018   Code   RO         3147    i.app_debug_get_ms  app_debug.o
    0x080024fc   0x080024fc   0x00000014   Code   RO         3148    i.app_debug_init    app_debug.o
    0x08002510   0x08002510   0x00000150   Code   RO         3150    i.app_debug_print_raw  app_debug.o
    0x08002660   0x08002660   0x00000028   Code   RO         3151    i.app_debug_put_byte  app_debug.o
    0x08002688   0x08002688   0x00000068   Code   RO         3152    i.app_debug_register_callback_print  app_debug.o
    0x080026f0   0x080026f0   0x0000007c   Code   RO         2715    i.check_fs          ff.o
    0x0800276c   0x0800276c   0x00000014   Code   RO         2716    i.chk_chr           ff.o
    0x08002780   0x08002780   0x0000007c   Code   RO         2717    i.chk_lock          ff.o
    0x080027fc   0x080027fc   0x00000028   Code   RO         2718    i.clear_lock        ff.o
    0x08002824   0x08002824   0x00000036   Code   RO         2719    i.clmt_clust        ff.o
    0x0800285a   0x0800285a   0x0000001a   Code   RO         2720    i.clust2sect        ff.o
    0x08002874   0x08002874   0x000000de   Code   RO         2721    i.create_chain      ff.o
    0x08002952   0x08002952   0x00000002   PAD
    0x08002954   0x08002954   0x000000e0   Code   RO         2722    i.create_name       ff.o
    0x08002a34   0x08002a34   0x000000ba   Code   RO         3154    i.custom_itoa       app_debug.o
    0x08002aee   0x08002aee   0x00000002   PAD
    0x08002af0   0x08002af0   0x00000044   Code   RO         2723    i.dec_lock          ff.o
    0x08002b34   0x08002b34   0x00000060   Code   RO         2724    i.dir_alloc         ff.o
    0x08002b94   0x08002b94   0x0000006c   Code   RO         2725    i.dir_find          ff.o
    0x08002c00   0x08002c00   0x0000011a   Code   RO         2726    i.dir_next          ff.o
    0x08002d1a   0x08002d1a   0x0000003c   Code   RO         2728    i.dir_register      ff.o
    0x08002d56   0x08002d56   0x000000a6   Code   RO         2730    i.dir_sdi           ff.o
    0x08002dfc   0x08002dfc   0x00000064   Code   RO         2657    i.disk_initialize   diskio.o
    0x08002e60   0x08002e60   0x00000100   Code   RO         2658    i.disk_ioctl        diskio.o
    0x08002f60   0x08002f60   0x0000002e   Code   RO         2659    i.disk_read         diskio.o
    0x08002f8e   0x08002f8e   0x00000002   PAD
    0x08002f90   0x08002f90   0x00000050   Code   RO         2660    i.disk_status       diskio.o
    0x08002fe0   0x08002fe0   0x00000120   Code   RO         2661    i.disk_write        diskio.o
    0x08003100   0x08003100   0x00000028   Code   RO         2731    i.enq_lock          ff.o
    0x08003128   0x08003128   0x0000002c   Code   RO         2732    i.f_close           ff.o
    0x08003154   0x08003154   0x000006dc   Code   RO         2738    i.f_mkfs            ff.o
    0x08003830   0x08003830   0x00000060   Code   RO         2739    i.f_mount           ff.o
    0x08003890   0x08003890   0x00000242   Code   RO         2740    i.f_open            ff.o
    0x08003ad2   0x08003ad2   0x000001de   Code   RO         2745    i.f_read            ff.o
    0x08003cb0   0x08003cb0   0x000000a0   Code   RO         2749    i.f_sync            ff.o
    0x08003d50   0x08003d50   0x00000224   Code   RO         2752    i.f_write           ff.o
    0x08003f74   0x08003f74   0x0000034c   Code   RO         2753    i.find_volume       ff.o
    0x080042c0   0x080042c0   0x000000ae   Code   RO         2754    i.follow_path       ff.o
    0x0800436e   0x0800436e   0x00000132   Code   RO         2755    i.get_fat           ff.o
    0x080044a0   0x080044a0   0x00000004   Code   RO          677    i.get_fattime       fatfs.o
    0x080044a4   0x080044a4   0x00000048   Code   RO         2757    i.get_ldnumber      ff.o
    0x080044ec   0x080044ec   0x000000bc   Code   RO         2758    i.inc_lock          ff.o
    0x080045a8   0x080045a8   0x00000026   Code   RO         2759    i.ld_clust          ff.o
    0x080045ce   0x080045ce   0x00000018   Code   RO         2760    i.ld_dword          ff.o
    0x080045e6   0x080045e6   0x0000000c   Code   RO         2761    i.ld_word           ff.o
    0x080045f2   0x080045f2   0x00000002   PAD
    0x080045f4   0x080045f4   0x00000338   Code   RO          197    i.main              main.o
    0x0800492c   0x0800492c   0x00000024   Code   RO         2762    i.mem_cmp           ff.o
    0x08004950   0x08004950   0x0000001a   Code   RO         2763    i.mem_cpy           ff.o
    0x0800496a   0x0800496a   0x00000012   Code   RO         2764    i.mem_set           ff.o
    0x0800497c   0x0800497c   0x00000034   Code   RO         2765    i.move_window       ff.o
    0x080049b0   0x080049b0   0x00000010   Code   RO           18    i.putChar           ringbuffer.o
    0x080049c0   0x080049c0   0x00000190   Code   RO         2766    i.put_fat           ff.o
    0x08004b50   0x08004b50   0x00000032   Code   RO         3155    i.put_string        app_debug.o
    0x08004b82   0x08004b82   0x0000009a   Code   RO         2770    i.remove_chain      ff.o
    0x08004c1c   0x08004c1c   0x00000020   Code   RO           20    i.ringBufferInit    ringbuffer.o
    0x08004c3c   0x08004c3c   0x00000024   Code   RO         2771    i.st_clust          ff.o
    0x08004c60   0x08004c60   0x00000018   Code   RO         2772    i.st_dword          ff.o
    0x08004c78   0x08004c78   0x0000000c   Code   RO         2773    i.st_word           ff.o
    0x08004c84   0x08004c84   0x00000090   Code   RO         2774    i.sync_fs           ff.o
    0x08004d14   0x08004d14   0x00000052   Code   RO         2775    i.sync_window       ff.o
    0x08004d66   0x08004d66   0x00000002   PAD
    0x08004d68   0x08004d68   0x0000000c   Code   RO         3157    i.sys_get_ms        app_debug.o
    0x08004d74   0x08004d74   0x00000028   Code   RO         3158    i.usart_logger_put  app_debug.o
    0x08004d9c   0x08004d9c   0x0000003c   Code   RO         2776    i.validate          ff.o
    0x08004dd8   0x08004dd8   0x0000000a   Code   RO         3370    x$fpl$fpinit        fz_wm.l(fpinit.o)
    0x08004de2   0x08004de2   0x00000018   Data   RO         2622    .constdata          system_stm32f4xx.o
    0x08004dfa   0x08004dfa   0x0000009c   Data   RO         2778    .constdata          ff.o
    0x08004e96   0x08004e96   0x00000002   PAD
    0x08004e98   0x08004e98   0x00000020   Data   RO         3447    Region$$Table       anon$$obj.o


    Execution Region RW_IRAM1 (Exec base: 0x20000000, Load base: 0x08004eb8, Size: 0x00003908, Max: 0x0001c000, ABSOLUTE)

    Exec Addr    Load Addr    Size         Type   Attr      Idx    E Section Name        Object

    0x20000000   0x08004eb8   0x0000000c   Data   RW           24    .data               ringbuffer.o
    0x2000000c   0x08004ec4   0x00000070   Data   RW          199    .data               main.o
    0x2000007c   0x08004f34   0x00000018   Data   RW          621    .data               user_diskio.o
    0x20000094   0x08004f4c   0x00000005   Data   RW          679    .data               fatfs.o
    0x20000099   0x08004f51   0x00000003   PAD
    0x2000009c   0x08004f54   0x00000009   Data   RW         1664    .data               stm32f4xx_hal.o
    0x200000a5   0x08004f5d   0x00000003   PAD
    0x200000a8   0x08004f60   0x00000004   Data   RW         2623    .data               system_stm32f4xx.o
    0x200000ac   0x08004f64   0x00000006   Data   RW         2779    .data               ff.o
    0x200000b2   0x08004f6a   0x00000002   PAD
    0x200000b4   0x08004f6c   0x0000000c   Data   RW         3160    .data               app_debug.o
    0x200000c0        -       0x00000080   Zero   RW           23    .bss                ringbuffer.o
    0x20000140        -       0x00003100   Zero   RW          198    .bss                main.o
    0x20003240        -       0x00000028   Zero   RW          443    .bss                spi_flash.o
    0x20003268        -       0x00000020   Zero   RW         2777    .bss                ff.o
    0x20003288        -       0x0000000c   Zero   RW         3076    .bss                ff_gen_drv.o
    0x20003294        -       0x00000010   Zero   RW         3159    .bss                app_debug.o
    0x200032a4        -       0x00000060   Zero   RW         3288    .bss                c_w.l(libspace.o)
    0x20003304   0x08004f78   0x00000004   PAD
    0x20003308        -       0x00000200   Zero   RW            2    HEAP                startup_stm32f407xx.o
    0x20003508        -       0x00000400   Zero   RW            1    STACK               startup_stm32f407xx.o


    Execution Region RW_IRAM2 (Exec base: 0x2001c000, Load base: 0x08004f78, Size: 0x00000000, Max: 0x00004000, ABSOLUTE)

    **** No section assigned to this execution region ****


==============================================================================

Image component sizes


      Code (inc. data)   RO Data    RW Data    ZI Data      Debug   Object Name

       812         50          0         12         16       8240   app_debug.o
       770        344          0          0          0       4561   diskio.o
        32         12          0          5          0       1504   fatfs.o
      8016        164        156          6         32      40198   ff.o
       102          6          0          0         12       1647   ff_gen_drv.o
      1342        456          0        112      12544       8695   main.o
        48          6          0         12        128     665936   ringbuffer.o
      1612        136          0          0         40      10569   spi_flash.o
        64         26        392          0       1536        836   startup_stm32f407xx.o
       212         36          0          9          0       9329   stm32f4xx_hal.o
       272         22          0          0          0      33706   stm32f4xx_hal_cortex.o
       512         46          0          0          0       2084   stm32f4xx_hal_gpio.o
       408         34          0          0          0       2355   stm32f4xx_hal_msp.o
      1820         84          0          0          0       5564   stm32f4xx_hal_rcc.o
      2024         14          0          0          0       7846   stm32f4xx_hal_spi.o
       670         10          0          0          0       1836   stm32f4xx_hal_uart.o
        34          0          0          0          0       4142   stm32f4xx_it.o
        20          6         24          4          0       1103   system_stm32f4xx.o
        64         12          0         24          0       3640   user_diskio.o

    ----------------------------------------------------------------------
     18850       1464        606        192      14308     813791   Object Totals
         0          0         32          0          0          0   (incl. Generated)
        16          0          2          8          0          0   (incl. Padding)

    ----------------------------------------------------------------------

      Code (inc. data)   RO Data    RW Data    ZI Data      Debug   Library Member Name

         8          0          0          0          0         68   __main.o
         0          0          0          0          0          0   __rtentry.o
        12          0          0          0          0          0   __rtentry2.o
         6          0          0          0          0          0   __rtentry4.o
        52          8          0          0          0          0   __scatter.o
        26          0          0          0          0          0   __scatter_copy.o
        28          0          0          0          0          0   __scatter_zi.o
        18          0          0          0          0         80   exit.o
         6          0          0          0          0        152   heapauxi.o
         0          0          0          0          0          0   indicate_semi.o
         2          0          0          0          0          0   libinit.o
         6          0          0          0          0          0   libinit2.o
         2          0          0          0          0          0   libshutdown.o
         2          0          0          0          0          0   libshutdown2.o
         8          4          0          0         96         68   libspace.o
       238          0          0          0          0        100   lludivv7m.o
        88          0          0          0          0         76   memcmp.o
        78          0          0          0          0         80   rt_memclr_w.o
         2          0          0          0          0          0   rtexit.o
        10          0          0          0          0          0   rtexit2.o
        12          4          0          0          0         68   sys_exit.o
        74          0          0          0          0         80   sys_stackheap_outer.o
         2          0          0          0          0         68   use_no_semi.o
        10          0          0          0          0        116   fpinit.o

    ----------------------------------------------------------------------
       696         16          0          0        100        956   Library Totals
         6          0          0          0          4          0   (incl. Padding)

    ----------------------------------------------------------------------

      Code (inc. data)   RO Data    RW Data    ZI Data      Debug   Library Name

       680         16          0          0         96        840   c_w.l
        10          0          0          0          0        116   fz_wm.l

    ----------------------------------------------------------------------
       696         16          0          0        100        956   Library Totals

    ----------------------------------------------------------------------

==============================================================================


      Code (inc. data)   RO Data    RW Data    ZI Data      Debug   

     19546       1480        606        192      14408     802435   Grand Totals
     19546       1480        606        192      14408     802435   ELF Image Totals
     19546       1480        606        192          0          0   ROM Totals

==============================================================================

    Total RO  Size (Code + RO Data)                20152 (  19.68kB)
    Total RW  Size (RW Data + ZI Data)             14600 (  14.26kB)
    Total ROM Size (Code + RO Data + RW Data)      20344 (  19.87kB)

==============================================================================

